Archive member included to satisfy reference by file (symbol)

/home/nazar/.gcc-arm-none-eabi/bin/../lib/gcc/arm-none-eabi/9.2.1/../../../../arm-none-eabi/lib/thumb/v7e-m+fp/hard/libc_nano.a(lib_a-exit.o)
                              /home/nazar/.gcc-arm-none-eabi/bin/../lib/gcc/arm-none-eabi/9.2.1/../../../../arm-none-eabi/lib/thumb/v7e-m+fp/hard/crt0.o (exit)
/home/nazar/.gcc-arm-none-eabi/bin/../lib/gcc/arm-none-eabi/9.2.1/../../../../arm-none-eabi/lib/thumb/v7e-m+fp/hard/libc_nano.a(lib_a-impure.o)
                              /home/nazar/.gcc-arm-none-eabi/bin/../lib/gcc/arm-none-eabi/9.2.1/../../../../arm-none-eabi/lib/thumb/v7e-m+fp/hard/libc_nano.a(lib_a-exit.o) (_global_impure_ptr)
/home/nazar/.gcc-arm-none-eabi/bin/../lib/gcc/arm-none-eabi/9.2.1/../../../../arm-none-eabi/lib/thumb/v7e-m+fp/hard/libc_nano.a(lib_a-init.o)
                              /home/nazar/.gcc-arm-none-eabi/bin/../lib/gcc/arm-none-eabi/9.2.1/../../../../arm-none-eabi/lib/thumb/v7e-m+fp/hard/crt0.o (__libc_init_array)
/home/nazar/.gcc-arm-none-eabi/bin/../lib/gcc/arm-none-eabi/9.2.1/../../../../arm-none-eabi/lib/thumb/v7e-m+fp/hard/libc_nano.a(lib_a-memset.o)
                              /home/nazar/.gcc-arm-none-eabi/bin/../lib/gcc/arm-none-eabi/9.2.1/../../../../arm-none-eabi/lib/thumb/v7e-m+fp/hard/crt0.o (memset)
/home/nazar/.gcc-arm-none-eabi/bin/../lib/gcc/arm-none-eabi/9.2.1/../../../../arm-none-eabi/lib/thumb/v7e-m+fp/hard/libc_nano.a(lib_a-strcpy.o)
                              build/uart.o (strcpy)
/home/nazar/.gcc-arm-none-eabi/bin/../lib/gcc/arm-none-eabi/9.2.1/../../../../arm-none-eabi/lib/thumb/v7e-m+fp/hard/libc_nano.a(lib_a-strlen.o)
                              build/uart.o (strlen)
/home/nazar/.gcc-arm-none-eabi/bin/../lib/gcc/arm-none-eabi/9.2.1/../../../../arm-none-eabi/lib/thumb/v7e-m+fp/hard/libnosys.a(_exit.o)
                              /home/nazar/.gcc-arm-none-eabi/bin/../lib/gcc/arm-none-eabi/9.2.1/../../../../arm-none-eabi/lib/thumb/v7e-m+fp/hard/libc_nano.a(lib_a-exit.o) (_exit)

Allocating common symbols
Common symbol       size              file

hi2c2               0x4c              build/main.o
uwTick              0x4               build/stm32f3xx_hal.o
pFlash              0x20              build/stm32f3xx_hal_flash.o
huart2              0x80              build/main.o

Discarded input sections

 .text          0x0000000000000000        0x0 /home/nazar/.gcc-arm-none-eabi/bin/../lib/gcc/arm-none-eabi/9.2.1/thumb/v7e-m+fp/hard/crti.o
 .data          0x0000000000000000        0x0 /home/nazar/.gcc-arm-none-eabi/bin/../lib/gcc/arm-none-eabi/9.2.1/thumb/v7e-m+fp/hard/crti.o
 .bss           0x0000000000000000        0x0 /home/nazar/.gcc-arm-none-eabi/bin/../lib/gcc/arm-none-eabi/9.2.1/thumb/v7e-m+fp/hard/crti.o
 .data          0x0000000000000000        0x4 /home/nazar/.gcc-arm-none-eabi/bin/../lib/gcc/arm-none-eabi/9.2.1/thumb/v7e-m+fp/hard/crtbegin.o
 .text          0x0000000000000000       0x74 /home/nazar/.gcc-arm-none-eabi/bin/../lib/gcc/arm-none-eabi/9.2.1/../../../../arm-none-eabi/lib/thumb/v7e-m+fp/hard/crt0.o
 .data          0x0000000000000000        0x0 /home/nazar/.gcc-arm-none-eabi/bin/../lib/gcc/arm-none-eabi/9.2.1/../../../../arm-none-eabi/lib/thumb/v7e-m+fp/hard/crt0.o
 .bss           0x0000000000000000        0x0 /home/nazar/.gcc-arm-none-eabi/bin/../lib/gcc/arm-none-eabi/9.2.1/../../../../arm-none-eabi/lib/thumb/v7e-m+fp/hard/crt0.o
 .ARM.extab     0x0000000000000000        0x0 /home/nazar/.gcc-arm-none-eabi/bin/../lib/gcc/arm-none-eabi/9.2.1/../../../../arm-none-eabi/lib/thumb/v7e-m+fp/hard/crt0.o
 .ARM.exidx     0x0000000000000000        0x8 /home/nazar/.gcc-arm-none-eabi/bin/../lib/gcc/arm-none-eabi/9.2.1/../../../../arm-none-eabi/lib/thumb/v7e-m+fp/hard/crt0.o
 .ARM.attributes
                0x0000000000000000       0x1c /home/nazar/.gcc-arm-none-eabi/bin/../lib/gcc/arm-none-eabi/9.2.1/../../../../arm-none-eabi/lib/thumb/v7e-m+fp/hard/crt0.o
 .text          0x0000000000000000        0x0 build/pca9685.o
 .data          0x0000000000000000        0x0 build/pca9685.o
 .bss           0x0000000000000000        0x0 build/pca9685.o
 .text.PWM_off  0x0000000000000000       0x2c build/pca9685.o
 .text          0x0000000000000000        0x0 build/i3_i2c_ext.o
 .data          0x0000000000000000        0x0 build/i3_i2c_ext.o
 .bss           0x0000000000000000        0x0 build/i3_i2c_ext.o
 .text.I3_I2C_Ext_Check
                0x0000000000000000       0x1c build/i3_i2c_ext.o
 .text.I3_I2C_Ext_Busy
                0x0000000000000000        0xc build/i3_i2c_ext.o
 .text.I3_I2C_Ext_Read
                0x0000000000000000       0x34 build/i3_i2c_ext.o
 .text.I3_I2C_Ext_Write
                0x0000000000000000       0x20 build/i3_i2c_ext.o
 .text.I2C_Ext_Mem_Read
                0x0000000000000000       0x40 build/i3_i2c_ext.o
 .text.HAL_I2C_MasterTxCpltCallback
                0x0000000000000000        0xc build/i3_i2c_ext.o
 .text.HAL_I2C_MasterRxCpltCallback
[...]
Memory Configuration

Name             Origin             Length             Attributes
RAM              0x0000000020000000 0x0000000000010000 xrw
CCMRAM           0x0000000010000000 0x0000000000004000 xrw
FLASH            0x0000000008000000 0x0000000000080000 xr
*default*        0x0000000000000000 0xffffffffffffffff

Linker script and memory map

LOAD /home/nazar/.gcc-arm-none-eabi/bin/../lib/gcc/arm-none-eabi/9.2.1/thumb/v7e-m+fp/hard/crti.o
LOAD /home/nazar/.gcc-arm-none-eabi/bin/../lib/gcc/arm-none-eabi/9.2.1/thumb/v7e-m+fp/hard/crtbegin.o
LOAD /home/nazar/.gcc-arm-none-eabi/bin/../lib/gcc/arm-none-eabi/9.2.1/../../../../arm-none-eabi/lib/thumb/v7e-m+fp/hard/crt0.o
LOAD build/pca9685.o
LOAD build/i3_i2c_ext.o
LOAD build/uart.o
LOAD build/my_main.o
LOAD build/main.o
LOAD build/stm32f3xx_it.o
LOAD build/stm32f3xx_hal_msp.o
LOAD build/stm32f3xx_hal_tim.o
LOAD build/stm32f3xx_hal_tim_ex.o
LOAD build/stm32f3xx_hal_uart.o
LOAD build/stm32f3xx_hal_uart_ex.o
LOAD build/stm32f3xx_hal.o
LOAD build/stm32f3xx_hal_rcc.o
LOAD build/stm32f3xx_hal_rcc_ex.o
LOAD build/stm32f3xx_hal_gpio.o
LOAD build/stm32f3xx_hal_dma.o
LOAD build/stm32f3xx_hal_cortex.o
LOAD build/stm32f3xx_hal_pwr.o
LOAD build/stm32f3xx_hal_pwr_ex.o
LOAD build/stm32f3xx_hal_flash.o
LOAD build/stm32f3xx_hal_flash_ex.o
LOAD build/stm32f3xx_hal_i2c.o
LOAD build/stm32f3xx_hal_i2c_ex.o
LOAD build/stm32f3xx_hal_exti.o
LOAD build/system_stm32f3xx.o
LOAD build/startup_stm32f303xe.o
LOAD /home/nazar/.gcc-arm-none-eabi/bin/../lib/gcc/arm-none-eabi/9.2.1/../../../../arm-none-eabi/lib/thumb/v7e-m+fp/hard/libc_nano.a
LOAD /home/nazar/.gcc-arm-none-eabi/bin/../lib/gcc/arm-none-eabi/9.2.1/../../../../arm-none-eabi/lib/thumb/v7e-m+fp/hard/libm.a
LOAD /home/nazar/.gcc-arm-none-eabi/bin/../lib/gcc/arm-none-eabi/9.2.1/../../../../arm-none-eabi/lib/thumb/v7e-m+fp/hard/libnosys.a
START GROUP
LOAD /home/nazar/.gcc-arm-none-eabi/bin/../lib/gcc/arm-none-eabi/9.2.1/thumb/v7e-m+fp/hard/libgcc.a
LOAD /home/nazar/.gcc-arm-none-eabi/bin/../lib/gcc/arm-none-eabi/9.2.1/../../../../arm-none-eabi/lib/thumb/v7e-m+fp/hard/libc_nano.a
END GROUP
START GROUP
LOAD /home/nazar/.gcc-arm-none-eabi/bin/../lib/gcc/arm-none-eabi/9.2.1/thumb/v7e-m+fp/hard/libgcc.a
LOAD /home/nazar/.gcc-arm-none-eabi/bin/../lib/gcc/arm-none-eabi/9.2.1/../../../../arm-none-eabi/lib/thumb/v7e-m+fp/hard/libc_nano.a
END GROUP
LOAD /home/nazar/.gcc-arm-none-eabi/bin/../lib/gcc/arm-none-eabi/9.2.1/thumb/v7e-m+fp/hard/crtend.o
LOAD /home/nazar/.gcc-arm-none-eabi/bin/../lib/gcc/arm-none-eabi/9.2.1/thumb/v7e-m+fp/hard/crtn.o
                0x0000000020010000                _estack = 0x20010000
                0x0000000000000200                _Min_Heap_Size = 0x200
                0x0000000000000400                _Min_Stack_Size = 0x400

.isr_vector     0x0000000008000000      0x194
                0x0000000008000000                . = ALIGN (0x4)
 *(.isr_vector)
 .isr_vector    0x0000000008000000      0x194 build/startup_stm32f303xe.o
                0x0000000008000000                g_pfnVectors
                0x0000000008000194                . = ALIGN (0x4)

.text           0x0000000008000194     0x2acc
                0x0000000008000194                . = ALIGN (0x4)
 *(.text)
 .text          0x0000000008000194       0x40 /home/nazar/.gcc-arm-none-eabi/bin/../lib/gcc/arm-none-eabi/9.2.1/thumb/v7e-m+fp/hard/crtbegin.o
 .text          0x00000000080001d4       0x10 /home/nazar/.gcc-arm-none-eabi/bin/../lib/gcc/arm-none-eabi/9.2.1/../../../../arm-none-eabi/lib/thumb/v7e-m+fp/hard/libc_nano.a(lib_a-strlen.o)
                0x00000000080001d4                strlen
 *(.text*)
 .text.pcaByteWrite
                0x00000000080001e4       0x1a build/pca9685.o
                0x00000000080001e4                pcaByteWrite
 .text.pca_init
                0x00000000080001fe       0x38 build/pca9685.o
                0x00000000080001fe                pca_init
 .text.set_PWM  0x0000000008000236       0x4e build/pca9685.o
                0x0000000008000236                set_PWM
 .text.I2C_Ext_Mem_Write
                0x0000000008000284       0x24 build/i3_i2c_ext.o
                0x0000000008000284                I2C_Ext_Mem_Write
 .text.HAL_I2C_ErrorCallback
                0x00000000080002a8        0x8 build/i3_i2c_ext.o
                0x00000000080002a8                HAL_I2C_ErrorCallback
 .text.UART_println
                0x00000000080002b0       0x50 build/uart.o
                0x00000000080002b0                UART_println
 .text.UART_start_receiving
                0x0000000008000300       0x1c build/uart.o
                0x0000000008000300                UART_start_receiving
 .text.UART_TxEndCallback
                0x000000000800031c        0xc build/uart.o
                0x000000000800031c                UART_TxEndCallback
 .text.UART_RxEndCallback
                0x0000000008000328       0x18 build/uart.o
                0x0000000008000328                UART_RxEndCallback
 .text.HAL_UART_TxCpltCallback
                0x0000000008000340       0x18 build/uart.o
                0x0000000008000340                HAL_UART_TxCpltCallback
 .text.HAL_UART_RxCpltCallback
                0x0000000008000358       0x18 build/uart.o
                0x0000000008000358                HAL_UART_RxCpltCallback
 .text.my_main_loop
                0x0000000008000370       0x68 build/my_main.o
                0x0000000008000370                my_main_loop
 .text.MX_GPIO_Init
                0x00000000080003d8       0xa0 build/main.o
 .text.MX_USART2_UART_Init
                0x0000000008000478       0x30 build/main.o
 .text.MX_I2C2_Init
                0x00000000080004a8       0x44 build/main.o
 .text.SystemClock_Config
                0x00000000080004ec       0x6c build/main.o
                0x00000000080004ec                SystemClock_Config
 .text.main     0x0000000008000558       0x2c build/main.o
                0x0000000008000558                main
 .text.Error_Handler
                0x0000000008000584        0x2 build/main.o
                0x0000000008000584                Error_Handler
 .text.NMI_Handler
                0x0000000008000586        0x2 build/stm32f3xx_it.o
                0x0000000008000586                NMI_Handler
 .text.HardFault_Handler
                0x0000000008000588        0x2 build/stm32f3xx_it.o
                0x0000000008000588                HardFault_Handler
 .text.MemManage_Handler
                0x000000000800058a        0x2 build/stm32f3xx_it.o
                0x000000000800058a                MemManage_Handler
 .text.BusFault_Handler
                0x000000000800058c        0x2 build/stm32f3xx_it.o
                0x000000000800058c                BusFault_Handler
 .text.UsageFault_Handler
                0x000000000800058e        0x2 build/stm32f3xx_it.o
                0x000000000800058e                UsageFault_Handler
 .text.SVC_Handler
                0x0000000008000590        0x2 build/stm32f3xx_it.o
                0x0000000008000590                SVC_Handler
 .text.DebugMon_Handler
                0x0000000008000592        0x2 build/stm32f3xx_it.o
                0x0000000008000592                DebugMon_Handler
 .text.PendSV_Handler
                0x0000000008000594        0x2 build/stm32f3xx_it.o
                0x0000000008000594                PendSV_Handler
 .text.SysTick_Handler
                0x0000000008000596        0x8 build/stm32f3xx_it.o
                0x0000000008000596                SysTick_Handler
 *fill*         0x000000000800059e        0x2 
 .text.I2C2_EV_IRQHandler
                0x00000000080005a0       0x10 build/stm32f3xx_it.o
                0x00000000080005a0                I2C2_EV_IRQHandler
 .text.I2C2_ER_IRQHandler
                0x00000000080005b0       0x10 build/stm32f3xx_it.o
                0x00000000080005b0                I2C2_ER_IRQHandler
 .text.USART2_IRQHandler
                0x00000000080005c0       0x10 build/stm32f3xx_it.o
                0x00000000080005c0                USART2_IRQHandler
 .text.HAL_MspInit
                0x00000000080005d0       0x3c build/stm32f3xx_hal_msp.o
                0x00000000080005d0                HAL_MspInit
 .text.HAL_I2C_MspInit
                0x000000000800060c       0x8c build/stm32f3xx_hal_msp.o
                0x000000000800060c                HAL_I2C_MspInit
 .text.HAL_UART_MspInit
                0x0000000008000698       0x78 build/stm32f3xx_hal_msp.o
                0x0000000008000698                HAL_UART_MspInit
 .text.UART_EndRxTransfer
                0x0000000008000710       0x1e build/stm32f3xx_hal_uart.o
 .text.UART_TxISR_8BIT
                0x000000000800072e       0x44 build/stm32f3xx_hal_uart.o
 .text.UART_TxISR_16BIT
                0x0000000008000772       0x48 build/stm32f3xx_hal_uart.o
 *fill*         0x00000000080007ba        0x2 
 .text.HAL_UART_Transmit_IT
                0x00000000080007bc       0x70 build/stm32f3xx_hal_uart.o
                0x00000000080007bc                HAL_UART_Transmit_IT
 .text.HAL_UART_Receive_IT
                0x000000000800082c       0xd4 build/stm32f3xx_hal_uart.o
                0x000000000800082c                HAL_UART_Receive_IT
 .text.UART_EndTransmit_IT
                0x0000000008000900       0x1a build/stm32f3xx_hal_uart.o
 .text.UART_RxISR_8BIT
                0x000000000800091a       0x64 build/stm32f3xx_hal_uart.o
 .text.UART_RxISR_16BIT
                0x000000000800097e       0x62 build/stm32f3xx_hal_uart.o
 .text.HAL_UART_ErrorCallback
                0x00000000080009e0        0x2 build/stm32f3xx_hal_uart.o
                0x00000000080009e0                HAL_UART_ErrorCallback
 *fill*         0x00000000080009e2        0x2 
 .text.HAL_UART_IRQHandler
                0x00000000080009e4      0x180 build/stm32f3xx_hal_uart.o
                0x00000000080009e4                HAL_UART_IRQHandler
 .text.UART_DMAAbortOnError
                0x0000000008000b64       0x14 build/stm32f3xx_hal_uart.o
 .text.UART_SetConfig
                0x0000000008000b78      0x2c8 build/stm32f3xx_hal_uart.o
                0x0000000008000b78                UART_SetConfig
 .text.UART_AdvFeatureConfig
                0x0000000008000e40       0xca build/stm32f3xx_hal_uart.o
                0x0000000008000e40                UART_AdvFeatureConfig
 .text.UART_WaitOnFlagUntilTimeout
                0x0000000008000f0a       0xa2 build/stm32f3xx_hal_uart.o
                0x0000000008000f0a                UART_WaitOnFlagUntilTimeout
 .text.UART_CheckIdleState
                0x0000000008000fac       0x6c build/stm32f3xx_hal_uart.o
                0x0000000008000fac                UART_CheckIdleState
 .text.HAL_UART_Init
                0x0000000008001018       0x62 build/stm32f3xx_hal_uart.o
                0x0000000008001018                HAL_UART_Init
 .text.HAL_UARTEx_WakeupCallback
                0x000000000800107a        0x2 build/stm32f3xx_hal_uart_ex.o
                0x000000000800107a                HAL_UARTEx_WakeupCallback
 .text.HAL_InitTick
                0x000000000800107c       0x4c build/stm32f3xx_hal.o
                0x000000000800107c                HAL_InitTick
 .text.HAL_Init
                0x00000000080010c8       0x24 build/stm32f3xx_hal.o
                0x00000000080010c8                HAL_Init
 .text.HAL_IncTick
                0x00000000080010ec       0x18 build/stm32f3xx_hal.o
                0x00000000080010ec                HAL_IncTick
 .text.HAL_GetTick
                0x0000000008001104        0xc build/stm32f3xx_hal.o
                0x0000000008001104                HAL_GetTick
 .text.HAL_Delay
                0x0000000008001110       0x28 build/stm32f3xx_hal.o
                0x0000000008001110                HAL_Delay
 .text.HAL_RCC_OscConfig
                0x0000000008001138      0x640 build/stm32f3xx_hal_rcc.o
                0x0000000008001138                HAL_RCC_OscConfig
 .text.HAL_RCC_GetSysClockFreq
                0x0000000008001778       0x70 build/stm32f3xx_hal_rcc.o
                0x0000000008001778                HAL_RCC_GetSysClockFreq
 .text.HAL_RCC_ClockConfig
                0x00000000080017e8      0x1a8 build/stm32f3xx_hal_rcc.o
                0x00000000080017e8                HAL_RCC_ClockConfig
 .text.HAL_RCC_GetHCLKFreq
                0x0000000008001990        0xc build/stm32f3xx_hal_rcc.o
                0x0000000008001990                HAL_RCC_GetHCLKFreq
 .text.HAL_RCC_GetPCLK1Freq
                0x000000000800199c       0x2c build/stm32f3xx_hal_rcc.o
                0x000000000800199c                HAL_RCC_GetPCLK1Freq
 .text.HAL_RCC_GetPCLK2Freq
                0x00000000080019c8       0x2c build/stm32f3xx_hal_rcc.o
                0x00000000080019c8                HAL_RCC_GetPCLK2Freq
 .text.HAL_RCCEx_PeriphCLKConfig
                0x00000000080019f4      0x300 build/stm32f3xx_hal_rcc_ex.o
                0x00000000080019f4                HAL_RCCEx_PeriphCLKConfig
 .text.HAL_GPIO_Init
                0x0000000008001cf4      0x1b0 build/stm32f3xx_hal_gpio.o
                0x0000000008001cf4                HAL_GPIO_Init
 .text.HAL_GPIO_WritePin
                0x0000000008001ea4        0xa build/stm32f3xx_hal_gpio.o
                0x0000000008001ea4                HAL_GPIO_WritePin
 .text.HAL_DMA_Abort_IT
                0x0000000008001eae       0x4a build/stm32f3xx_hal_dma.o
                0x0000000008001eae                HAL_DMA_Abort_IT
 .text.HAL_NVIC_SetPriorityGrouping
                0x0000000008001ef8       0x24 build/stm32f3xx_hal_cortex.o
                0x0000000008001ef8                HAL_NVIC_SetPriorityGrouping
 .text.HAL_NVIC_SetPriority
                0x0000000008001f1c       0x68 build/stm32f3xx_hal_cortex.o
                0x0000000008001f1c                HAL_NVIC_SetPriority
 .text.HAL_NVIC_EnableIRQ
                0x0000000008001f84       0x1c build/stm32f3xx_hal_cortex.o
                0x0000000008001f84                HAL_NVIC_EnableIRQ
 .text.HAL_SYSTICK_Config
                0x0000000008001fa0       0x2c build/stm32f3xx_hal_cortex.o
                0x0000000008001fa0                HAL_SYSTICK_Config
 .text.I2C_Flush_TXDR
                0x0000000008001fcc       0x22 build/stm32f3xx_hal_i2c.o
 .text.I2C_TransferConfig
                0x0000000008001fee       0x36 build/stm32f3xx_hal_i2c.o
 .text.I2C_Disable_IRQ
                0x0000000008002024       0xb8 build/stm32f3xx_hal_i2c.o
 .text.I2C_IsAcknowledgeFailed
                0x00000000080020dc       0x90 build/stm32f3xx_hal_i2c.o
 .text.I2C_WaitOnTXISFlagUntilTimeout
                0x000000000800216c       0x56 build/stm32f3xx_hal_i2c.o
 .text.I2C_WaitOnFlagUntilTimeout
                0x00000000080021c2       0x56 build/stm32f3xx_hal_i2c.o
 .text.I2C_RequestMemoryWrite
                0x0000000008002218       0x7c build/stm32f3xx_hal_i2c.o
 .text.I2C_WaitOnSTOPFlagUntilTimeout
                0x0000000008002294       0x50 build/stm32f3xx_hal_i2c.o
 .text.HAL_I2C_Init
                0x00000000080022e4       0xbc build/stm32f3xx_hal_i2c.o
                0x00000000080022e4                HAL_I2C_Init
 .text.HAL_I2C_Mem_Write
                0x00000000080023a0      0x1a8 build/stm32f3xx_hal_i2c.o
                0x00000000080023a0                HAL_I2C_Mem_Write
 .text.HAL_I2C_EV_IRQHandler
                0x0000000008002548       0x10 build/stm32f3xx_hal_i2c.o
                0x0000000008002548                HAL_I2C_EV_IRQHandler
 .text.HAL_I2C_SlaveTxCpltCallback
                0x0000000008002558        0x2 build/stm32f3xx_hal_i2c.o
                0x0000000008002558                HAL_I2C_SlaveTxCpltCallback
 .text.HAL_I2C_SlaveRxCpltCallback
                0x000000000800255a        0x2 build/stm32f3xx_hal_i2c.o
                0x000000000800255a                HAL_I2C_SlaveRxCpltCallback
 .text.I2C_ITSlaveSeqCplt
                0x000000000800255c       0x5c build/stm32f3xx_hal_i2c.o
 .text.HAL_I2C_AddrCallback
                0x00000000080025b8        0x2 build/stm32f3xx_hal_i2c.o
                0x00000000080025b8                HAL_I2C_AddrCallback
 .text.I2C_ITAddrCplt
                0x00000000080025ba       0x9c build/stm32f3xx_hal_i2c.o
 .text.HAL_I2C_ListenCpltCallback
                0x0000000008002656        0x2 build/stm32f3xx_hal_i2c.o
                0x0000000008002656                HAL_I2C_ListenCpltCallback
 .text.I2C_ITListenCplt
                0x0000000008002658       0x68 build/stm32f3xx_hal_i2c.o
 .text.HAL_I2C_AbortCpltCallback
                0x00000000080026c0        0x2 build/stm32f3xx_hal_i2c.o
                0x00000000080026c0                HAL_I2C_AbortCpltCallback
 *fill*         0x00000000080026c2        0x2 
 .text.I2C_ITError
                0x00000000080026c4       0xf4 build/stm32f3xx_hal_i2c.o
 .text.I2C_ITSlaveCplt
                0x00000000080027b8      0x120 build/stm32f3xx_hal_i2c.o
 .text.I2C_Slave_ISR_IT
                0x00000000080028d8      0x14e build/stm32f3xx_hal_i2c.o
 .text.HAL_I2C_ER_IRQHandler
                0x0000000008002a26       0x6a build/stm32f3xx_hal_i2c.o
                0x0000000008002a26                HAL_I2C_ER_IRQHandler
 .text.I2C_DMAAbort
                0x0000000008002a90       0x2a build/stm32f3xx_hal_i2c.o
 .text.HAL_I2CEx_ConfigAnalogFilter
                0x0000000008002aba       0x5c build/stm32f3xx_hal_i2c_ex.o
                0x0000000008002aba                HAL_I2CEx_ConfigAnalogFilter
 .text.HAL_I2CEx_ConfigDigitalFilter
                0x0000000008002b16       0x58 build/stm32f3xx_hal_i2c_ex.o
                0x0000000008002b16                HAL_I2CEx_ConfigDigitalFilter
 *fill*         0x0000000008002b6e        0x2 
 .text.SystemInit
                0x0000000008002b70       0x1c build/system_stm32f3xx.o
                0x0000000008002b70                SystemInit
 .text.Reset_Handler
                0x0000000008002b8c       0x50 build/startup_stm32f303xe.o
                0x0000000008002b8c                Reset_Handler
 .text.Default_Handler
                0x0000000008002bdc        0x2 build/startup_stm32f303xe.o
                0x0000000008002bdc                RTC_Alarm_IRQHandler
                0x0000000008002bdc                TIM8_TRG_COM_IRQHandler
                0x0000000008002bdc                TIM8_CC_IRQHandler
                0x0000000008002bdc                SPI4_IRQHandler
                0x0000000008002bdc                TIM1_CC_IRQHandler
                0x0000000008002bdc                USB_HP_IRQHandler
                0x0000000008002bdc                PVD_IRQHandler
                0x0000000008002bdc                TAMP_STAMP_IRQHandler
                0x0000000008002bdc                EXTI3_IRQHandler
                0x0000000008002bdc                I2C3_ER_IRQHandler
                0x0000000008002bdc                USB_HP_CAN_TX_IRQHandler
                0x0000000008002bdc                EXTI0_IRQHandler
                0x0000000008002bdc                FPU_IRQHandler
                0x0000000008002bdc                TIM1_UP_TIM16_IRQHandler
                0x0000000008002bdc                ADC1_2_IRQHandler
                0x0000000008002bdc                SPI1_IRQHandler
                0x0000000008002bdc                CAN_SCE_IRQHandler
                0x0000000008002bdc                TIM6_DAC_IRQHandler
                0x0000000008002bdc                TIM8_UP_IRQHandler
                0x0000000008002bdc                DMA2_Channel2_IRQHandler
                0x0000000008002bdc                DMA1_Channel4_IRQHandler
                0x0000000008002bdc                TIM20_TRG_COM_IRQHandler
                0x0000000008002bdc                USART3_IRQHandler
                0x0000000008002bdc                DMA1_Channel7_IRQHandler
                0x0000000008002bdc                UART5_IRQHandler
                0x0000000008002bdc                ADC3_IRQHandler
                0x0000000008002bdc                TIM4_IRQHandler
                0x0000000008002bdc                CAN_RX1_IRQHandler
                0x0000000008002bdc                DMA2_Channel1_IRQHandler
                0x0000000008002bdc                I2C1_EV_IRQHandler
                0x0000000008002bdc                DMA1_Channel6_IRQHandler
                0x0000000008002bdc                UART4_IRQHandler
                0x0000000008002bdc                DMA2_Channel4_IRQHandler
                0x0000000008002bdc                TIM3_IRQHandler
                0x0000000008002bdc                RCC_IRQHandler
                0x0000000008002bdc                TIM20_UP_IRQHandler
                0x0000000008002bdc                DMA1_Channel1_IRQHandler
                0x0000000008002bdc                Default_Handler
                0x0000000008002bdc                USBWakeUp_RMP_IRQHandler
                0x0000000008002bdc                EXTI15_10_IRQHandler
                0x0000000008002bdc                TIM7_IRQHandler
                0x0000000008002bdc                I2C3_EV_IRQHandler
                0x0000000008002bdc                EXTI9_5_IRQHandler
                0x0000000008002bdc                RTC_WKUP_IRQHandler
                0x0000000008002bdc                SPI2_IRQHandler
                0x0000000008002bdc                USB_LP_CAN_RX0_IRQHandler
                0x0000000008002bdc                DMA2_Channel5_IRQHandler
                0x0000000008002bdc                DMA1_Channel5_IRQHandler
                0x0000000008002bdc                USB_LP_IRQHandler
                0x0000000008002bdc                EXTI4_IRQHandler
                0x0000000008002bdc                TIM1_TRG_COM_TIM17_IRQHandler
                0x0000000008002bdc                DMA1_Channel3_IRQHandler
                0x0000000008002bdc                ADC4_IRQHandler
                0x0000000008002bdc                WWDG_IRQHandler
                0x0000000008002bdc                TIM2_IRQHandler
                0x0000000008002bdc                COMP7_IRQHandler
                0x0000000008002bdc                COMP1_2_3_IRQHandler
                0x0000000008002bdc                EXTI1_IRQHandler
                0x0000000008002bdc                COMP4_5_6_IRQHandler
                0x0000000008002bdc                TIM20_BRK_IRQHandler
                0x0000000008002bdc                DMA1_Channel2_IRQHandler
                0x0000000008002bdc                TIM8_BRK_IRQHandler
                0x0000000008002bdc                FLASH_IRQHandler
                0x0000000008002bdc                TIM20_CC_IRQHandler
                0x0000000008002bdc                USART1_IRQHandler
                0x0000000008002bdc                SPI3_IRQHandler
                0x0000000008002bdc                I2C1_ER_IRQHandler
                0x0000000008002bdc                FMC_IRQHandler
                0x0000000008002bdc                USBWakeUp_IRQHandler
                0x0000000008002bdc                DMA2_Channel3_IRQHandler
                0x0000000008002bdc                EXTI2_TSC_IRQHandler
                0x0000000008002bdc                TIM1_BRK_TIM15_IRQHandler
 *fill*         0x0000000008002bde        0x2 
 .text.__libc_init_array
                0x0000000008002be0       0x48 /home/nazar/.gcc-arm-none-eabi/bin/../lib/gcc/arm-none-eabi/9.2.1/../../../../arm-none-eabi/lib/thumb/v7e-m+fp/hard/libc_nano.a(lib_a-init.o)
                0x0000000008002be0                __libc_init_array
 .text.memset   0x0000000008002c28       0x10 /home/nazar/.gcc-arm-none-eabi/bin/../lib/gcc/arm-none-eabi/9.2.1/../../../../arm-none-eabi/lib/thumb/v7e-m+fp/hard/libc_nano.a(lib_a-memset.o)
                0x0000000008002c28                memset
 .text.strcpy   0x0000000008002c38       0x10 /home/nazar/.gcc-arm-none-eabi/bin/../lib/gcc/arm-none-eabi/9.2.1/../../../../arm-none-eabi/lib/thumb/v7e-m+fp/hard/libc_nano.a(lib_a-strcpy.o)
                0x0000000008002c38                strcpy
 *(.glue_7)
 .glue_7        0x0000000008002c48        0x0 linker stubs
 *(.glue_7t)
 .glue_7t       0x0000000008002c48        0x0 linker stubs
 *(.eh_frame)
 .eh_frame      0x0000000008002c48        0x0 /home/nazar/.gcc-arm-none-eabi/bin/../lib/gcc/arm-none-eabi/9.2.1/thumb/v7e-m+fp/hard/crtbegin.o
 *(.init)
 .init          0x0000000008002c48        0x4 /home/nazar/.gcc-arm-none-eabi/bin/../lib/gcc/arm-none-eabi/9.2.1/thumb/v7e-m+fp/hard/crti.o
                0x0000000008002c48                _init
 .init          0x0000000008002c4c        0x8 /home/nazar/.gcc-arm-none-eabi/bin/../lib/gcc/arm-none-eabi/9.2.1/thumb/v7e-m+fp/hard/crtn.o
 *(.fini)
 .fini          0x0000000008002c54        0x4 /home/nazar/.gcc-arm-none-eabi/bin/../lib/gcc/arm-none-eabi/9.2.1/thumb/v7e-m+fp/hard/crti.o
                0x0000000008002c54                _fini
 .fini          0x0000000008002c58        0x8 /home/nazar/.gcc-arm-none-eabi/bin/../lib/gcc/arm-none-eabi/9.2.1/thumb/v7e-m+fp/hard/crtn.o
                0x0000000008002c60                . = ALIGN (0x4)
                0x0000000008002c60                _etext = .

.vfp11_veneer   0x0000000008002c60        0x0
 .vfp11_veneer  0x0000000008002c60        0x0 linker stubs

.v4_bx          0x0000000008002c60        0x0
 .v4_bx         0x0000000008002c60        0x0 linker stubs

.iplt           0x0000000008002c60        0x0
 .iplt          0x0000000008002c60        0x0 /home/nazar/.gcc-arm-none-eabi/bin/../lib/gcc/arm-none-eabi/9.2.1/thumb/v7e-m+fp/hard/crtbegin.o

.rodata         0x0000000008002c60       0x48
                0x0000000008002c60                . = ALIGN (0x4)
 *(.rodata)
 *(.rodata*)
 .rodata.UART_println.str1.4
                0x0000000008002c60        0x2 build/uart.o
 *fill*         0x0000000008002c62        0x2 
 .rodata.main.str1.4
                0x0000000008002c64        0xa build/main.o
 *fill*         0x0000000008002c6e        0x2 
 .rodata.aPLLMULFactorTable
                0x0000000008002c70       0x10 build/stm32f3xx_hal_rcc.o
                0x0000000008002c70                aPLLMULFactorTable
 .rodata.aPredivFactorTable
                0x0000000008002c80       0x10 build/stm32f3xx_hal_rcc.o
                0x0000000008002c80                aPredivFactorTable
 .rodata.AHBPrescTable
                0x0000000008002c90       0x10 build/system_stm32f3xx.o
                0x0000000008002c90                AHBPrescTable
 .rodata.APBPrescTable
                0x0000000008002ca0        0x8 build/system_stm32f3xx.o
                0x0000000008002ca0                APBPrescTable
                0x0000000008002ca8                . = ALIGN (0x4)

.rel.dyn        0x0000000008002ca8        0x0
 .rel.iplt      0x0000000008002ca8        0x0 /home/nazar/.gcc-arm-none-eabi/bin/../lib/gcc/arm-none-eabi/9.2.1/thumb/v7e-m+fp/hard/crtbegin.o

.ARM.extab
 *(.ARM.extab* .gnu.linkonce.armextab.*)

.ARM            0x0000000008002ca8        0x0
                0x0000000008002ca8                __exidx_start = .
 *(.ARM.exidx*)
                0x0000000008002ca8                __exidx_end = .

.preinit_array  0x0000000008002ca8        0x0
                0x0000000008002ca8                PROVIDE (__preinit_array_start = .)
 *(.preinit_array*)
                0x0000000008002ca8                PROVIDE (__preinit_array_end = .)

.init_array     0x0000000008002ca8        0x4
                0x0000000008002ca8                PROVIDE (__init_array_start = .)
 *(SORT_BY_NAME(.init_array.*))
 *(.init_array*)
 .init_array    0x0000000008002ca8        0x4 /home/nazar/.gcc-arm-none-eabi/bin/../lib/gcc/arm-none-eabi/9.2.1/thumb/v7e-m+fp/hard/crtbegin.o
                0x0000000008002cac                PROVIDE (__init_array_end = .)

.fini_array     0x0000000008002cac        0x4
                [!provide]                        PROVIDE (__fini_array_start = .)
 *(SORT_BY_NAME(.fini_array.*))
 *(.fini_array*)
 .fini_array    0x0000000008002cac        0x4 /home/nazar/.gcc-arm-none-eabi/bin/../lib/gcc/arm-none-eabi/9.2.1/thumb/v7e-m+fp/hard/crtbegin.o
                [!provide]                        PROVIDE (__fini_array_end = .)
                0x0000000008002cb0                _sidata = LOADADDR (.data)

.data           0x0000000020000000        0xc load address 0x0000000008002cb0
                0x0000000020000000                . = ALIGN (0x4)
                0x0000000020000000                _sdata = .
 *(.data)
 *(.data*)
 .data.uwTickFreq
                0x0000000020000000        0x1 build/stm32f3xx_hal.o
                0x0000000020000000                uwTickFreq
 *fill*         0x0000000020000001        0x3 
 .data.uwTickPrio
                0x0000000020000004        0x4 build/stm32f3xx_hal.o
                0x0000000020000004                uwTickPrio
 .data.SystemCoreClock
                0x0000000020000008        0x4 build/system_stm32f3xx.o
                0x0000000020000008                SystemCoreClock
                0x000000002000000c                . = ALIGN (0x4)
                0x000000002000000c                _edata = .
                0x0000000008002cbc                _siccmram = LOADADDR (.ccmram)

.igot.plt       0x000000002000000c        0x0 load address 0x0000000008002cbc
 .igot.plt      0x000000002000000c        0x0 /home/nazar/.gcc-arm-none-eabi/bin/../lib/gcc/arm-none-eabi/9.2.1/thumb/v7e-m+fp/hard/crtbegin.o

.ccmram         0x0000000010000000        0x0 load address 0x0000000008002cbc
                0x0000000010000000                . = ALIGN (0x4)
                0x0000000010000000                _sccmram = .
 *(.ccmram)
 *(.ccmram*)
                0x0000000010000000                . = ALIGN (0x4)
                0x0000000010000000                _eccmram = .
                0x0000000010000000                . = ALIGN (0x4)

.bss            0x000000002000000c      0x128
                0x000000002000000c                _sbss = .
                0x000000002000000c                __bss_start__ = _sbss
 *(.bss)
 .bss           0x000000002000000c       0x1c /home/nazar/.gcc-arm-none-eabi/bin/../lib/gcc/arm-none-eabi/9.2.1/thumb/v7e-m+fp/hard/crtbegin.o
 *(.bss*)
 .bss.byte_buff
                0x0000000020000028        0x1 build/uart.o
 *fill*         0x0000000020000029        0x3 
 .bss.println_buff
                0x000000002000002c       0x32 build/uart.o
 .bss.uart_busy_flag
                0x000000002000005e        0x1 build/uart.o
 *fill*         0x000000002000005f        0x1 
 .bss.i         0x0000000020000060        0x4 build/my_main.o
                0x0000000020000060                i
 *(COMMON)
 COMMON         0x0000000020000064       0xcc build/main.o
                0x0000000020000064                hi2c2
                0x00000000200000b0                huart2
 COMMON         0x0000000020000130        0x4 build/stm32f3xx_hal.o
                0x0000000020000130                uwTick
                0x0000000020000134                . = ALIGN (0x4)
                0x0000000020000134                _ebss = .
                0x0000000020000134                __bss_end__ = _ebss

._user_heap_stack
                0x0000000020000134      0x604
                0x0000000020000138                . = ALIGN (0x8)
 *fill*         0x0000000020000134        0x4 
                [!provide]                        PROVIDE (end = .)
                [!provide]                        PROVIDE (_end = .)
                0x0000000020000338                . = (. + _Min_Heap_Size)
 *fill*         0x0000000020000138      0x200 
                0x0000000020000738                . = (. + _Min_Stack_Size)
 *fill*         0x0000000020000338      0x400 
                0x0000000020000738                . = ALIGN (0x8)

/DISCARD/
 libc.a(*)
 libm.a(*)
 libgcc.a(*)

.ARM.attributes
                0x0000000000000000       0x30
 *(.ARM.attributes)
 .ARM.attributes
                0x0000000000000000       0x1e /home/nazar/.gcc-arm-none-eabi/bin/../lib/gcc/arm-none-eabi/9.2.1/thumb/v7e-m+fp/hard/crti.o
 .ARM.attributes
                0x000000000000001e       0x34 /home/nazar/.gcc-arm-none-eabi/bin/../lib/gcc/arm-none-eabi/9.2.1/thumb/v7e-m+fp/hard/crtbegin.o
 .ARM.attributes
                0x0000000000000052       0x34 build/pca9685.o
 .ARM.attributes
                0x0000000000000086       0x34 build/i3_i2c_ext.o
 .ARM.attributes
                0x00000000000000ba       0x34 build/uart.o
 .ARM.attributes
                0x00000000000000ee       0x34 build/my_main.o
 .ARM.attributes
                0x0000000000000122       0x34 build/main.o
 .ARM.attributes
                0x0000000000000156       0x34 build/stm32f3xx_it.o
 .ARM.attributes
                0x000000000000018a       0x34 build/stm32f3xx_hal_msp.o
 .ARM.attributes
                0x00000000000001be       0x34 build/stm32f3xx_hal_uart.o
 .ARM.attributes
                0x00000000000001f2       0x34 build/stm32f3xx_hal_uart_ex.o
 .ARM.attributes
                0x0000000000000226       0x34 build/stm32f3xx_hal.o
 .ARM.attributes
                0x000000000000025a       0x34 build/stm32f3xx_hal_rcc.o
 .ARM.attributes
                0x000000000000028e       0x34 build/stm32f3xx_hal_rcc_ex.o
 .ARM.attributes
                0x00000000000002c2       0x34 build/stm32f3xx_hal_gpio.o
 .ARM.attributes
                0x00000000000002f6       0x34 build/stm32f3xx_hal_dma.o
 .ARM.attributes
                0x000000000000032a       0x34 build/stm32f3xx_hal_cortex.o
 .ARM.attributes
                0x000000000000035e       0x34 build/stm32f3xx_hal_i2c.o
 .ARM.attributes
                0x0000000000000392       0x34 build/stm32f3xx_hal_i2c_ex.o
 .ARM.attributes
                0x00000000000003c6       0x34 build/system_stm32f3xx.o
 .ARM.attributes
                0x00000000000003fa       0x21 build/startup_stm32f303xe.o
 .ARM.attributes
                0x000000000000041b       0x34 /home/nazar/.gcc-arm-none-eabi/bin/../lib/gcc/arm-none-eabi/9.2.1/../../../../arm-none-eabi/lib/thumb/v7e-m+fp/hard/libc_nano.a(lib_a-init.o)
 .ARM.attributes
                0x000000000000044f       0x34 /home/nazar/.gcc-arm-none-eabi/bin/../lib/gcc/arm-none-eabi/9.2.1/../../../../arm-none-eabi/lib/thumb/v7e-m+fp/hard/libc_nano.a(lib_a-memset.o)
 .ARM.attributes
                0x0000000000000483       0x34 /home/nazar/.gcc-arm-none-eabi/bin/../lib/gcc/arm-none-eabi/9.2.1/../../../../arm-none-eabi/lib/thumb/v7e-m+fp/hard/libc_nano.a(lib_a-strcpy.o)
 .ARM.attributes
                0x00000000000004b7       0x17 /home/nazar/.gcc-arm-none-eabi/bin/../lib/gcc/arm-none-eabi/9.2.1/../../../../arm-none-eabi/lib/thumb/v7e-m+fp/hard/libc_nano.a(lib_a-strlen.o)
 .ARM.attributes
                0x00000000000004ce       0x1e /home/nazar/.gcc-arm-none-eabi/bin/../lib/gcc/arm-none-eabi/9.2.1/thumb/v7e-m+fp/hard/crtn.o
OUTPUT(build/PCA9685.elf elf32-littlearm)

.debug_info     0x0000000000000000    0x14639
 .debug_info    0x0000000000000000      0xd2b build/pca9685.o
 .debug_info    0x0000000000000d2b     0x14ee build/i3_i2c_ext.o
 .debug_info    0x0000000000002219     0x139d build/uart.o
 .debug_info    0x00000000000035b6     0x11fd build/my_main.o
 .debug_info    0x00000000000047b3     0x1373 build/main.o
 .debug_info    0x0000000000005b26      0xc76 build/stm32f3xx_it.o
 .debug_info    0x000000000000679c     0x123c build/stm32f3xx_hal_msp.o
 .debug_info    0x00000000000079d8     0x2061 build/stm32f3xx_hal_uart.o
 .debug_info    0x0000000000009a39      0xb27 build/stm32f3xx_hal_uart_ex.o
 .debug_info    0x000000000000a560      0x9f1 build/stm32f3xx_hal.o
 .debug_info    0x000000000000af51     0x176f build/stm32f3xx_hal_rcc.o
 .debug_info    0x000000000000c6c0      0x97d build/stm32f3xx_hal_rcc_ex.o
 .debug_info    0x000000000000d03d      0x90c build/stm32f3xx_hal_gpio.o
 .debug_info    0x000000000000d949      0x9f4 build/stm32f3xx_hal_dma.o
 .debug_info    0x000000000000e33d     0x11cc build/stm32f3xx_hal_cortex.o
 .debug_info    0x000000000000f509     0x40da build/stm32f3xx_hal_i2c.o
 .debug_info    0x00000000000135e3      0xb2b build/stm32f3xx_hal_i2c_ex.o
 .debug_info    0x000000000001410e      0x509 build/system_stm32f3xx.o
 .debug_info    0x0000000000014617       0x22 build/startup_stm32f303xe.o

.debug_abbrev   0x0000000000000000     0x2b8e
 .debug_abbrev  0x0000000000000000      0x243 build/pca9685.o
 .debug_abbrev  0x0000000000000243      0x2cf build/i3_i2c_ext.o
 .debug_abbrev  0x0000000000000512      0x2a1 build/uart.o
 .debug_abbrev  0x00000000000007b3      0x244 build/my_main.o
 .debug_abbrev  0x00000000000009f7      0x261 build/main.o
 .debug_abbrev  0x0000000000000c58      0x18e build/stm32f3xx_it.o
 .debug_abbrev  0x0000000000000de6      0x1eb build/stm32f3xx_hal_msp.o
 .debug_abbrev  0x0000000000000fd1      0x2ac build/stm32f3xx_hal_uart.o
 .debug_abbrev  0x000000000000127d      0x27c build/stm32f3xx_hal_uart_ex.o
 .debug_abbrev  0x00000000000014f9      0x21c build/stm32f3xx_hal.o
 .debug_abbrev  0x0000000000001715      0x337 build/stm32f3xx_hal_rcc.o
 .debug_abbrev  0x0000000000001a4c      0x299 build/stm32f3xx_hal_rcc_ex.o
 .debug_abbrev  0x0000000000001ce5      0x24f build/stm32f3xx_hal_gpio.o
 .debug_abbrev  0x0000000000001f34      0x28c build/stm32f3xx_hal_dma.o
 .debug_abbrev  0x00000000000021c0      0x3a8 build/stm32f3xx_hal_cortex.o
 .debug_abbrev  0x0000000000002568      0x2e8 build/stm32f3xx_hal_i2c.o
 .debug_abbrev  0x0000000000002850      0x1e2 build/stm32f3xx_hal_i2c_ex.o
 .debug_abbrev  0x0000000000002a32      0x14a build/system_stm32f3xx.o
 .debug_abbrev  0x0000000000002b7c       0x12 build/startup_stm32f303xe.o

.debug_loc      0x0000000000000000     0xb6b5
 .debug_loc     0x0000000000000000      0x22b build/pca9685.o
 .debug_loc     0x000000000000022b      0x3d6 build/i3_i2c_ext.o
 .debug_loc     0x0000000000000601      0x1a8 build/uart.o
 .debug_loc     0x00000000000007a9       0x20 build/my_main.o
 .debug_loc     0x00000000000007c9       0xd1 build/main.o
 .debug_loc     0x000000000000089a       0x80 build/stm32f3xx_it.o
 .debug_loc     0x000000000000091a      0x208 build/stm32f3xx_hal_msp.o
 .debug_loc     0x0000000000000b22     0x20fa build/stm32f3xx_hal_uart.o
 .debug_loc     0x0000000000002c1c      0x3df build/stm32f3xx_hal_uart_ex.o
 .debug_loc     0x0000000000002ffb      0x1e1 build/stm32f3xx_hal.o
 .debug_loc     0x00000000000031dc      0xf88 build/stm32f3xx_hal_rcc.o
 .debug_loc     0x0000000000004164      0xe41 build/stm32f3xx_hal_rcc_ex.o
 .debug_loc     0x0000000000004fa5      0x414 build/stm32f3xx_hal_gpio.o
 .debug_loc     0x00000000000053b9      0x928 build/stm32f3xx_hal_dma.o
 .debug_loc     0x0000000000005ce1      0x7d4 build/stm32f3xx_hal_cortex.o
 .debug_loc     0x00000000000064b5     0x4e82 build/stm32f3xx_hal_i2c.o
 .debug_loc     0x000000000000b337      0x25a build/stm32f3xx_hal_i2c_ex.o
 .debug_loc     0x000000000000b591      0x124 build/system_stm32f3xx.o

.debug_aranges  0x0000000000000000      0xac0
 .debug_aranges
                0x0000000000000000       0x38 build/pca9685.o
 .debug_aranges
                0x0000000000000038       0x70 build/i3_i2c_ext.o
 .debug_aranges
                0x00000000000000a8       0x50 build/uart.o
 .debug_aranges
                0x00000000000000f8       0x20 build/my_main.o
 .debug_aranges
                0x0000000000000118       0x48 build/main.o
 .debug_aranges
                0x0000000000000160       0x78 build/stm32f3xx_it.o
 .debug_aranges
                0x00000000000001d8       0x40 build/stm32f3xx_hal_msp.o
 .debug_aranges
                0x0000000000000218      0x210 build/stm32f3xx_hal_uart.o
 .debug_aranges
                0x0000000000000428       0x50 build/stm32f3xx_hal_uart_ex.o
 .debug_aranges
                0x0000000000000478       0xe0 build/stm32f3xx_hal.o
 .debug_aranges
                0x0000000000000558       0x88 build/stm32f3xx_hal_rcc.o
 .debug_aranges
                0x00000000000005e0       0x38 build/stm32f3xx_hal_rcc_ex.o
 .debug_aranges
                0x0000000000000618       0x58 build/stm32f3xx_hal_gpio.o
 .debug_aranges
                0x0000000000000670       0x88 build/stm32f3xx_hal_dma.o
 .debug_aranges
                0x00000000000006f8       0xa8 build/stm32f3xx_hal_cortex.o
 .debug_aranges
                0x00000000000007a0      0x288 build/stm32f3xx_hal_i2c.o
 .debug_aranges
                0x0000000000000a28       0x48 build/stm32f3xx_hal_i2c_ex.o
 .debug_aranges
                0x0000000000000a70       0x28 build/system_stm32f3xx.o
 .debug_aranges
                0x0000000000000a98       0x28 build/startup_stm32f303xe.o

.debug_ranges   0x0000000000000000      0xa30
 .debug_ranges  0x0000000000000000       0x28 build/pca9685.o
 .debug_ranges  0x0000000000000028       0x60 build/i3_i2c_ext.o
 .debug_ranges  0x0000000000000088       0x40 build/uart.o
 .debug_ranges  0x00000000000000c8       0x10 build/my_main.o
 .debug_ranges  0x00000000000000d8       0x38 build/main.o
 .debug_ranges  0x0000000000000110       0x68 build/stm32f3xx_it.o
 .debug_ranges  0x0000000000000178       0x30 build/stm32f3xx_hal_msp.o
 .debug_ranges  0x00000000000001a8      0x200 build/stm32f3xx_hal_uart.o
 .debug_ranges  0x00000000000003a8       0x40 build/stm32f3xx_hal_uart_ex.o
 .debug_ranges  0x00000000000003e8       0xd0 build/stm32f3xx_hal.o
 .debug_ranges  0x00000000000004b8       0x98 build/stm32f3xx_hal_rcc.o
 .debug_ranges  0x0000000000000550       0x40 build/stm32f3xx_hal_rcc_ex.o
 .debug_ranges  0x0000000000000590       0x48 build/stm32f3xx_hal_gpio.o
 .debug_ranges  0x00000000000005d8       0x78 build/stm32f3xx_hal_dma.o
 .debug_ranges  0x0000000000000650       0xf8 build/stm32f3xx_hal_cortex.o
 .debug_ranges  0x0000000000000748      0x278 build/stm32f3xx_hal_i2c.o
 .debug_ranges  0x00000000000009c0       0x38 build/stm32f3xx_hal_i2c_ex.o
 .debug_ranges  0x00000000000009f8       0x18 build/system_stm32f3xx.o
 .debug_ranges  0x0000000000000a10       0x20 build/startup_stm32f303xe.o

.debug_line     0x0000000000000000     0xc84c
 .debug_line    0x0000000000000000      0x212 build/pca9685.o
 .debug_line    0x0000000000000212      0x412 build/i3_i2c_ext.o
 .debug_line    0x0000000000000624      0x3e9 build/uart.o
 .debug_line    0x0000000000000a0d      0x2ef build/my_main.o
 .debug_line    0x0000000000000cfc      0x4ab build/main.o
 .debug_line    0x00000000000011a7      0x314 build/stm32f3xx_it.o
 .debug_line    0x00000000000014bb      0x373 build/stm32f3xx_hal_msp.o
 .debug_line    0x000000000000182e     0x214c build/stm32f3xx_hal_uart.o
 .debug_line    0x000000000000397a      0x43d build/stm32f3xx_hal_uart_ex.o
 .debug_line    0x0000000000003db7      0x4f0 build/stm32f3xx_hal.o
 .debug_line    0x00000000000042a7     0x11ac build/stm32f3xx_hal_rcc.o
 .debug_line    0x0000000000005453      0xd8b build/stm32f3xx_hal_rcc_ex.o
 .debug_line    0x00000000000061de      0x69e build/stm32f3xx_hal_gpio.o
 .debug_line    0x000000000000687c      0xa00 build/stm32f3xx_hal_dma.o
 .debug_line    0x000000000000727c      0x73f build/stm32f3xx_hal_cortex.o
 .debug_line    0x00000000000079bb     0x46f6 build/stm32f3xx_hal_i2c.o
 .debug_line    0x000000000000c0b1      0x4da build/stm32f3xx_hal_i2c_ex.o
 .debug_line    0x000000000000c58b      0x24e build/system_stm32f3xx.o
 .debug_line    0x000000000000c7d9       0x73 build/startup_stm32f303xe.o

.debug_str      0x0000000000000000     0x3840
 .debug_str     0x0000000000000000      0x57d build/pca9685.o
                                        0x5f6 (size before relaxing)
 .debug_str     0x000000000000057d      0x6a3 build/i3_i2c_ext.o
                                        0xcd0 (size before relaxing)
 .debug_str     0x0000000000000c20      0x2cc build/uart.o
                                        0xb5c (size before relaxing)
 .debug_str     0x0000000000000eec       0x25 build/my_main.o
                                        0xb5d (size before relaxing)
 .debug_str     0x0000000000000f11      0x4de build/main.o
                                        0xe40 (size before relaxing)
 .debug_str     0x00000000000013ef      0x127 build/stm32f3xx_it.o
                                        0xa45 (size before relaxing)
 .debug_str     0x0000000000001516      0x570 build/stm32f3xx_hal_msp.o
                                        0xf5c (size before relaxing)
 .debug_str     0x0000000000001a86      0x757 build/stm32f3xx_hal_uart.o
                                        0xefc (size before relaxing)
 .debug_str     0x00000000000021dd      0x14c build/stm32f3xx_hal_uart_ex.o
                                        0x886 (size before relaxing)
 .debug_str     0x0000000000002329      0x249 build/stm32f3xx_hal.o
                                        0xa6c (size before relaxing)
 .debug_str     0x0000000000002572      0x1b1 build/stm32f3xx_hal_rcc.o
                                        0x71f (size before relaxing)
 .debug_str     0x0000000000002723       0xc5 build/stm32f3xx_hal_rcc_ex.o
                                        0x688 (size before relaxing)
 .debug_str     0x00000000000027e8      0x1a3 build/stm32f3xx_hal_gpio.o
                                        0x58f (size before relaxing)
 .debug_str     0x000000000000298b      0x204 build/stm32f3xx_hal_dma.o
                                        0x704 (size before relaxing)
 .debug_str     0x0000000000002b8f      0x482 build/stm32f3xx_hal_cortex.o
                                        0xc93 (size before relaxing)
 .debug_str     0x0000000000003011      0x709 build/stm32f3xx_hal_i2c.o
                                       0x1018 (size before relaxing)
 .debug_str     0x000000000000371a       0xb5 build/stm32f3xx_hal_i2c_ex.o
                                        0x941 (size before relaxing)
 .debug_str     0x00000000000037cf       0x4d build/system_stm32f3xx.o
                                        0x379 (size before relaxing)
 .debug_str     0x000000000000381c       0x24 build/startup_stm32f303xe.o
                                         0x4c (size before relaxing)

.comment        0x0000000000000000       0x79
 .comment       0x0000000000000000       0x79 build/pca9685.o
                                         0x7a (size before relaxing)
 .comment       0x0000000000000079       0x7a build/i3_i2c_ext.o
 .comment       0x0000000000000079       0x7a build/uart.o
 .comment       0x0000000000000079       0x7a build/my_main.o
 .comment       0x0000000000000079       0x7a build/main.o
 .comment       0x0000000000000079       0x7a build/stm32f3xx_it.o
 .comment       0x0000000000000079       0x7a build/stm32f3xx_hal_msp.o
 .comment       0x0000000000000079       0x7a build/stm32f3xx_hal_uart.o
 .comment       0x0000000000000079       0x7a build/stm32f3xx_hal_uart_ex.o
 .comment       0x0000000000000079       0x7a build/stm32f3xx_hal.o
 .comment       0x0000000000000079       0x7a build/stm32f3xx_hal_rcc.o
 .comment       0x0000000000000079       0x7a build/stm32f3xx_hal_rcc_ex.o
 .comment       0x0000000000000079       0x7a build/stm32f3xx_hal_gpio.o
 .comment       0x0000000000000079       0x7a build/stm32f3xx_hal_dma.o
 .comment       0x0000000000000079       0x7a build/stm32f3xx_hal_cortex.o
 .comment       0x0000000000000079       0x7a build/stm32f3xx_hal_i2c.o
 .comment       0x0000000000000079       0x7a build/stm32f3xx_hal_i2c_ex.o
 .comment       0x0000000000000079       0x7a build/system_stm32f3xx.o

.debug_frame    0x0000000000000000     0x1fc0
 .debug_frame   0x0000000000000000       0x90 build/pca9685.o
 .debug_frame   0x0000000000000090      0x114 build/i3_i2c_ext.o
 .debug_frame   0x00000000000001a4       0xc8 build/uart.o
 .debug_frame   0x000000000000026c       0x2c build/my_main.o
 .debug_frame   0x0000000000000298       0xbc build/main.o
 .debug_frame   0x0000000000000354      0x100 build/stm32f3xx_it.o
 .debug_frame   0x0000000000000454       0xac build/stm32f3xx_hal_msp.o
 .debug_frame   0x0000000000000500      0x674 build/stm32f3xx_hal_uart.o
 .debug_frame   0x0000000000000b74       0xd0 build/stm32f3xx_hal_uart_ex.o
 .debug_frame   0x0000000000000c44      0x1e0 build/stm32f3xx_hal.o
 .debug_frame   0x0000000000000e24      0x1a0 build/stm32f3xx_hal_rcc.o
 .debug_frame   0x0000000000000fc4       0x88 build/stm32f3xx_hal_rcc_ex.o
 .debug_frame   0x000000000000104c       0xec build/stm32f3xx_hal_gpio.o
 .debug_frame   0x0000000000001138      0x190 build/stm32f3xx_hal_dma.o
 .debug_frame   0x00000000000012c8      0x16c build/stm32f3xx_hal_cortex.o
 .debug_frame   0x0000000000001434      0xa70 build/stm32f3xx_hal_i2c.o
 .debug_frame   0x0000000000001ea4       0x80 build/stm32f3xx_hal_i2c_ex.o
 .debug_frame   0x0000000000001f24       0x30 build/system_stm32f3xx.o
 .debug_frame   0x0000000000001f54       0x2c /home/nazar/.gcc-arm-none-eabi/bin/../lib/gcc/arm-none-eabi/9.2.1/../../../../arm-none-eabi/lib/thumb/v7e-m+fp/hard/libc_nano.a(lib_a-init.o)
 .debug_frame   0x0000000000001f80       0x20 /home/nazar/.gcc-arm-none-eabi/bin/../lib/gcc/arm-none-eabi/9.2.1/../../../../arm-none-eabi/lib/thumb/v7e-m+fp/hard/libc_nano.a(lib_a-memset.o)
 .debug_frame   0x0000000000001fa0       0x20 /home/nazar/.gcc-arm-none-eabi/bin/../lib/gcc/arm-none-eabi/9.2.1/../../../../arm-none-eabi/lib/thumb/v7e-m+fp/hard/libc_nano.a(lib_a-strcpy.o)

Cross Reference Table

Symbol                                            File
ADC1_2_IRQHandler                                 build/startup_stm32f303xe.o
ADC3_IRQHandler                                   build/startup_stm32f303xe.o
ADC4_IRQHandler                                   build/startup_stm32f303xe.o
AHBPrescTable                                     build/system_stm32f3xx.o
                                                  build/stm32f3xx_hal_rcc.o
APBPrescTable                                     build/system_stm32f3xx.o
                                                  build/stm32f3xx_hal_rcc.o
BusFault_Handler                                  build/stm32f3xx_it.o
CAN_RX1_IRQHandler                                build/startup_stm32f303xe.o
CAN_SCE_IRQHandler                                build/startup_stm32f303xe.o
COMP1_2_3_IRQHandler                              build/startup_stm32f303xe.o
COMP4_5_6_IRQHandler                              build/startup_stm32f303xe.o
COMP7_IRQHandler                                  build/startup_stm32f303xe.o
DMA1_Channel1_IRQHandler                          build/startup_stm32f303xe.o
DMA1_Channel2_IRQHandler                          build/startup_stm32f303xe.o
DMA1_Channel3_IRQHandler                          build/startup_stm32f303xe.o
DMA1_Channel4_IRQHandler                          build/startup_stm32f303xe.o
DMA1_Channel5_IRQHandler                          build/startup_stm32f303xe.o
DMA1_Channel6_IRQHandler                          build/startup_stm32f303xe.o
DMA1_Channel7_IRQHandler                          build/startup_stm32f303xe.o
DMA2_Channel1_IRQHandler                          build/startup_stm32f303xe.o
DMA2_Channel2_IRQHandler                          build/startup_stm32f303xe.o
DMA2_Channel3_IRQHandler                          build/startup_stm32f303xe.o
DMA2_Channel4_IRQHandler                          build/startup_stm32f303xe.o
DMA2_Channel5_IRQHandler                          build/startup_stm32f303xe.o
DebugMon_Handler                                  build/stm32f3xx_it.o
Default_Handler                                   build/startup_stm32f303xe.o
EXTI0_IRQHandler                                  build/startup_stm32f303xe.o
EXTI15_10_IRQHandler                              build/startup_stm32f303xe.o
EXTI1_IRQHandler                                  build/startup_stm32f303xe.o
EXTI2_TSC_IRQHandler                              build/startup_stm32f303xe.o
EXTI3_IRQHandler                                  build/startup_stm32f303xe.o
EXTI4_IRQHandler                                  build/startup_stm32f303xe.o
EXTI9_5_IRQHandler                                build/startup_stm32f303xe.o
Error_Handler                                     build/main.o
                                                  build/i3_i2c_ext.o
FLASH_IRQHandler                                  build/startup_stm32f303xe.o
FLASH_PageErase                                   build/stm32f3xx_hal_flash_ex.o
                                                  build/stm32f3xx_hal_flash.o
FLASH_WaitForLastOperation                        build/stm32f3xx_hal_flash.o
                                                  build/stm32f3xx_hal_flash_ex.o
FMC_IRQHandler                                    build/startup_stm32f303xe.o
FPU_IRQHandler                                    build/startup_stm32f303xe.o
HAL_DBGMCU_DisableDBGSleepMode                    build/stm32f3xx_hal.o
HAL_DBGMCU_DisableDBGStandbyMode                  build/stm32f3xx_hal.o
HAL_DBGMCU_DisableDBGStopMode                     build/stm32f3xx_hal.o
HAL_DBGMCU_EnableDBGSleepMode                     build/stm32f3xx_hal.o
HAL_DBGMCU_EnableDBGStandbyMode                   build/stm32f3xx_hal.o
HAL_DBGMCU_EnableDBGStopMode                      build/stm32f3xx_hal.o
HAL_DMA_Abort                                     build/stm32f3xx_hal_dma.o
                                                  build/stm32f3xx_hal_uart.o
HAL_DMA_Abort_IT                                  build/stm32f3xx_hal_dma.o
                                                  build/stm32f3xx_hal_i2c.o
                                                  build/stm32f3xx_hal_uart.o
HAL_DMA_DeInit                                    build/stm32f3xx_hal_dma.o
HAL_DMA_GetError                                  build/stm32f3xx_hal_dma.o
                                                  build/stm32f3xx_hal_uart.o
HAL_DMA_GetState                                  build/stm32f3xx_hal_dma.o
HAL_DMA_IRQHandler                                build/stm32f3xx_hal_dma.o
HAL_DMA_Init                                      build/stm32f3xx_hal_dma.o
HAL_DMA_PollForTransfer                           build/stm32f3xx_hal_dma.o
HAL_DMA_RegisterCallback                          build/stm32f3xx_hal_dma.o
HAL_DMA_Start                                     build/stm32f3xx_hal_dma.o
HAL_DMA_Start_IT                                  build/stm32f3xx_hal_dma.o
                                                  build/stm32f3xx_hal_i2c.o
                                                  build/stm32f3xx_hal_uart.o
HAL_DMA_UnRegisterCallback                        build/stm32f3xx_hal_dma.o
HAL_DeInit                                        build/stm32f3xx_hal.o
HAL_Delay                                         build/stm32f3xx_hal.o
                                                  build/my_main.o
HAL_EXTI_ClearConfigLine                          build/stm32f3xx_hal_exti.o
HAL_EXTI_ClearPending                             build/stm32f3xx_hal_exti.o
HAL_EXTI_GenerateSWI                              build/stm32f3xx_hal_exti.o
HAL_EXTI_GetConfigLine                            build/stm32f3xx_hal_exti.o
HAL_EXTI_GetHandle                                build/stm32f3xx_hal_exti.o
HAL_EXTI_GetPending                               build/stm32f3xx_hal_exti.o
HAL_EXTI_IRQHandler                               build/stm32f3xx_hal_exti.o
HAL_EXTI_RegisterCallback                         build/stm32f3xx_hal_exti.o
HAL_EXTI_SetConfigLine                            build/stm32f3xx_hal_exti.o
HAL_FLASHEx_Erase                                 build/stm32f3xx_hal_flash_ex.o
HAL_FLASHEx_Erase_IT                              build/stm32f3xx_hal_flash_ex.o
HAL_FLASHEx_OBErase                               build/stm32f3xx_hal_flash_ex.o
HAL_FLASHEx_OBGetConfig                           build/stm32f3xx_hal_flash_ex.o
HAL_FLASHEx_OBGetUserData                         build/stm32f3xx_hal_flash_ex.o
HAL_FLASHEx_OBProgram                             build/stm32f3xx_hal_flash_ex.o
HAL_FLASH_EndOfOperationCallback                  build/stm32f3xx_hal_flash.o
HAL_FLASH_GetError                                build/stm32f3xx_hal_flash.o
HAL_FLASH_IRQHandler                              build/stm32f3xx_hal_flash.o
HAL_FLASH_Lock                                    build/stm32f3xx_hal_flash.o
HAL_FLASH_OB_Launch                               build/stm32f3xx_hal_flash.o
HAL_FLASH_OB_Lock                                 build/stm32f3xx_hal_flash.o
HAL_FLASH_OB_Unlock                               build/stm32f3xx_hal_flash.o
HAL_FLASH_OperationErrorCallback                  build/stm32f3xx_hal_flash.o
HAL_FLASH_Program                                 build/stm32f3xx_hal_flash.o
HAL_FLASH_Program_IT                              build/stm32f3xx_hal_flash.o
HAL_FLASH_Unlock                                  build/stm32f3xx_hal_flash.o
HAL_GPIO_DeInit                                   build/stm32f3xx_hal_gpio.o
                                                  build/stm32f3xx_hal_msp.o
HAL_GPIO_EXTI_Callback                            build/stm32f3xx_hal_gpio.o
HAL_GPIO_EXTI_IRQHandler                          build/stm32f3xx_hal_gpio.o
HAL_GPIO_Init                                     build/stm32f3xx_hal_gpio.o
                                                  build/stm32f3xx_hal_rcc.o
                                                  build/stm32f3xx_hal_msp.o
                                                  build/main.o
HAL_GPIO_LockPin                                  build/stm32f3xx_hal_gpio.o
HAL_GPIO_ReadPin                                  build/stm32f3xx_hal_gpio.o
HAL_GPIO_TogglePin                                build/stm32f3xx_hal_gpio.o
HAL_GPIO_WritePin                                 build/stm32f3xx_hal_gpio.o
                                                  build/main.o
HAL_GetDEVID                                      build/stm32f3xx_hal.o
HAL_GetHalVersion                                 build/stm32f3xx_hal.o
HAL_GetREVID                                      build/stm32f3xx_hal.o
HAL_GetTick                                       build/stm32f3xx_hal.o
                                                  build/stm32f3xx_hal_i2c.o
                                                  build/stm32f3xx_hal_flash.o
                                                  build/stm32f3xx_hal_dma.o
                                                  build/stm32f3xx_hal_rcc_ex.o
                                                  build/stm32f3xx_hal_rcc.o
                                                  build/stm32f3xx_hal_uart_ex.o
                                                  build/stm32f3xx_hal_uart.o
HAL_GetTickFreq                                   build/stm32f3xx_hal.o
HAL_GetTickPrio                                   build/stm32f3xx_hal.o
HAL_GetUIDw0                                      build/stm32f3xx_hal.o
HAL_GetUIDw1                                      build/stm32f3xx_hal.o
HAL_GetUIDw2                                      build/stm32f3xx_hal.o
HAL_HalfDuplex_EnableReceiver                     build/stm32f3xx_hal_uart.o
HAL_HalfDuplex_EnableTransmitter                  build/stm32f3xx_hal_uart.o
HAL_HalfDuplex_Init                               build/stm32f3xx_hal_uart.o
HAL_I2CEx_ConfigAnalogFilter                      build/stm32f3xx_hal_i2c_ex.o
                                                  build/main.o
HAL_I2CEx_ConfigDigitalFilter                     build/stm32f3xx_hal_i2c_ex.o
                                                  build/main.o
HAL_I2CEx_DisableFastModePlus                     build/stm32f3xx_hal_i2c_ex.o
HAL_I2CEx_DisableWakeUp                           build/stm32f3xx_hal_i2c_ex.o
HAL_I2CEx_EnableFastModePlus                      build/stm32f3xx_hal_i2c_ex.o
HAL_I2CEx_EnableWakeUp                            build/stm32f3xx_hal_i2c_ex.o
HAL_I2C_AbortCpltCallback                         build/stm32f3xx_hal_i2c.o
HAL_I2C_AddrCallback                              build/stm32f3xx_hal_i2c.o
HAL_I2C_DeInit                                    build/stm32f3xx_hal_i2c.o
HAL_I2C_DisableListen_IT                          build/stm32f3xx_hal_i2c.o
HAL_I2C_ER_IRQHandler                             build/stm32f3xx_hal_i2c.o
                                                  build/stm32f3xx_it.o
HAL_I2C_EV_IRQHandler                             build/stm32f3xx_hal_i2c.o
                                                  build/stm32f3xx_it.o
HAL_I2C_EnableListen_IT                           build/stm32f3xx_hal_i2c.o
HAL_I2C_ErrorCallback                             build/i3_i2c_ext.o
HAL_I2C_GetError                                  build/stm32f3xx_hal_i2c.o
HAL_I2C_GetMode                                   build/stm32f3xx_hal_i2c.o
HAL_I2C_GetState                                  build/stm32f3xx_hal_i2c.o
HAL_I2C_Init                                      build/stm32f3xx_hal_i2c.o
                                                  build/main.o
HAL_I2C_IsDeviceReady                             build/stm32f3xx_hal_i2c.o
                                                  build/i3_i2c_ext.o
HAL_I2C_ListenCpltCallback                        build/stm32f3xx_hal_i2c.o
HAL_I2C_MasterRxCpltCallback                      build/i3_i2c_ext.o
HAL_I2C_MasterTxCpltCallback                      build/i3_i2c_ext.o
HAL_I2C_Master_Abort_IT                           build/stm32f3xx_hal_i2c.o
HAL_I2C_Master_Receive                            build/stm32f3xx_hal_i2c.o
HAL_I2C_Master_Receive_DMA                        build/stm32f3xx_hal_i2c.o
HAL_I2C_Master_Receive_IT                         build/stm32f3xx_hal_i2c.o
                                                  build/i3_i2c_ext.o
HAL_I2C_Master_Seq_Receive_DMA                    build/stm32f3xx_hal_i2c.o
HAL_I2C_Master_Seq_Receive_IT                     build/stm32f3xx_hal_i2c.o
HAL_I2C_Master_Seq_Transmit_DMA                   build/stm32f3xx_hal_i2c.o
HAL_I2C_Master_Seq_Transmit_IT                    build/stm32f3xx_hal_i2c.o
HAL_I2C_Master_Transmit                           build/stm32f3xx_hal_i2c.o
                                                  build/i3_i2c_ext.o
HAL_I2C_Master_Transmit_DMA                       build/stm32f3xx_hal_i2c.o
HAL_I2C_Master_Transmit_IT                        build/stm32f3xx_hal_i2c.o
HAL_I2C_MemRxCpltCallback                         build/i3_i2c_ext.o
HAL_I2C_MemTxCpltCallback                         build/i3_i2c_ext.o
HAL_I2C_Mem_Read                                  build/stm32f3xx_hal_i2c.o
HAL_I2C_Mem_Read_DMA                              build/stm32f3xx_hal_i2c.o
HAL_I2C_Mem_Read_IT                               build/stm32f3xx_hal_i2c.o
                                                  build/i3_i2c_ext.o
HAL_I2C_Mem_Write                                 build/stm32f3xx_hal_i2c.o
                                                  build/i3_i2c_ext.o
HAL_I2C_Mem_Write_DMA                             build/stm32f3xx_hal_i2c.o
HAL_I2C_Mem_Write_IT                              build/stm32f3xx_hal_i2c.o
HAL_I2C_MspDeInit                                 build/stm32f3xx_hal_msp.o
HAL_I2C_MspInit                                   build/stm32f3xx_hal_msp.o
HAL_I2C_SlaveRxCpltCallback                       build/stm32f3xx_hal_i2c.o
HAL_I2C_SlaveTxCpltCallback                       build/stm32f3xx_hal_i2c.o
HAL_I2C_Slave_Receive                             build/stm32f3xx_hal_i2c.o
HAL_I2C_Slave_Receive_DMA                         build/stm32f3xx_hal_i2c.o
HAL_I2C_Slave_Receive_IT                          build/stm32f3xx_hal_i2c.o
HAL_I2C_Slave_Seq_Receive_DMA                     build/stm32f3xx_hal_i2c.o
HAL_I2C_Slave_Seq_Receive_IT                      build/stm32f3xx_hal_i2c.o
HAL_I2C_Slave_Seq_Transmit_DMA                    build/stm32f3xx_hal_i2c.o
HAL_I2C_Slave_Seq_Transmit_IT                     build/stm32f3xx_hal_i2c.o
HAL_I2C_Slave_Transmit                            build/stm32f3xx_hal_i2c.o
HAL_I2C_Slave_Transmit_DMA                        build/stm32f3xx_hal_i2c.o
HAL_I2C_Slave_Transmit_IT                         build/stm32f3xx_hal_i2c.o
HAL_IncTick                                       build/stm32f3xx_hal.o
                                                  build/stm32f3xx_it.o
HAL_Init                                          build/stm32f3xx_hal.o
                                                  build/main.o
HAL_InitTick                                      build/stm32f3xx_hal.o
                                                  build/stm32f3xx_hal_rcc.o
HAL_LIN_Init                                      build/stm32f3xx_hal_uart.o
HAL_LIN_SendBreak                                 build/stm32f3xx_hal_uart.o
HAL_MPU_ConfigRegion                              build/stm32f3xx_hal_cortex.o
HAL_MPU_Disable                                   build/stm32f3xx_hal_cortex.o
HAL_MPU_Enable                                    build/stm32f3xx_hal_cortex.o
HAL_MspDeInit                                     build/stm32f3xx_hal.o
HAL_MspInit                                       build/stm32f3xx_hal_msp.o
HAL_MultiProcessorEx_AddressLength_Set            build/stm32f3xx_hal_uart_ex.o
HAL_MultiProcessor_DisableMuteMode                build/stm32f3xx_hal_uart.o
HAL_MultiProcessor_EnableMuteMode                 build/stm32f3xx_hal_uart.o
HAL_MultiProcessor_EnterMuteMode                  build/stm32f3xx_hal_uart.o
HAL_MultiProcessor_Init                           build/stm32f3xx_hal_uart.o
HAL_NVIC_ClearPendingIRQ                          build/stm32f3xx_hal_cortex.o
HAL_NVIC_DisableIRQ                               build/stm32f3xx_hal_cortex.o
                                                  build/stm32f3xx_hal_msp.o
HAL_NVIC_EnableIRQ                                build/stm32f3xx_hal_cortex.o
                                                  build/stm32f3xx_hal_msp.o
HAL_NVIC_GetActive                                build/stm32f3xx_hal_cortex.o
HAL_NVIC_GetPendingIRQ                            build/stm32f3xx_hal_cortex.o
HAL_NVIC_GetPriority                              build/stm32f3xx_hal_cortex.o
HAL_NVIC_GetPriorityGrouping                      build/stm32f3xx_hal_cortex.o
HAL_NVIC_SetPendingIRQ                            build/stm32f3xx_hal_cortex.o
HAL_NVIC_SetPriority                              build/stm32f3xx_hal_cortex.o
                                                  build/stm32f3xx_hal.o
                                                  build/stm32f3xx_hal_msp.o
HAL_NVIC_SetPriorityGrouping                      build/stm32f3xx_hal_cortex.o
                                                  build/stm32f3xx_hal.o
                                                  build/stm32f3xx_hal_msp.o
HAL_NVIC_SystemReset                              build/stm32f3xx_hal_cortex.o
HAL_PWR_ConfigPVD                                 build/stm32f3xx_hal_pwr_ex.o
HAL_PWR_DeInit                                    build/stm32f3xx_hal_pwr.o
HAL_PWR_DisableBkUpAccess                         build/stm32f3xx_hal_pwr.o
HAL_PWR_DisablePVD                                build/stm32f3xx_hal_pwr_ex.o
HAL_PWR_DisableSEVOnPend                          build/stm32f3xx_hal_pwr.o
HAL_PWR_DisableSleepOnExit                        build/stm32f3xx_hal_pwr.o
HAL_PWR_DisableWakeUpPin                          build/stm32f3xx_hal_pwr.o
HAL_PWR_EnableBkUpAccess                          build/stm32f3xx_hal_pwr.o
HAL_PWR_EnablePVD                                 build/stm32f3xx_hal_pwr_ex.o
HAL_PWR_EnableSEVOnPend                           build/stm32f3xx_hal_pwr.o
HAL_PWR_EnableSleepOnExit                         build/stm32f3xx_hal_pwr.o
HAL_PWR_EnableWakeUpPin                           build/stm32f3xx_hal_pwr.o
HAL_PWR_EnterSLEEPMode                            build/stm32f3xx_hal_pwr.o
HAL_PWR_EnterSTANDBYMode                          build/stm32f3xx_hal_pwr.o
HAL_PWR_EnterSTOPMode                             build/stm32f3xx_hal_pwr.o
HAL_PWR_PVDCallback                               build/stm32f3xx_hal_pwr_ex.o
HAL_PWR_PVD_IRQHandler                            build/stm32f3xx_hal_pwr_ex.o
HAL_RCCEx_GetPeriphCLKConfig                      build/stm32f3xx_hal_rcc_ex.o
HAL_RCCEx_GetPeriphCLKFreq                        build/stm32f3xx_hal_rcc_ex.o
HAL_RCCEx_PeriphCLKConfig                         build/stm32f3xx_hal_rcc_ex.o
                                                  build/main.o
HAL_RCC_CSSCallback                               build/stm32f3xx_hal_rcc.o
HAL_RCC_ClockConfig                               build/stm32f3xx_hal_rcc.o
                                                  build/main.o
HAL_RCC_DeInit                                    build/stm32f3xx_hal_rcc.o
HAL_RCC_DisableCSS                                build/stm32f3xx_hal_rcc.o
HAL_RCC_EnableCSS                                 build/stm32f3xx_hal_rcc.o
HAL_RCC_GetClockConfig                            build/stm32f3xx_hal_rcc.o
HAL_RCC_GetHCLKFreq                               build/stm32f3xx_hal_rcc.o
HAL_RCC_GetOscConfig                              build/stm32f3xx_hal_rcc.o
HAL_RCC_GetPCLK1Freq                              build/stm32f3xx_hal_rcc.o
                                                  build/stm32f3xx_hal_rcc_ex.o
                                                  build/stm32f3xx_hal_uart.o
HAL_RCC_GetPCLK2Freq                              build/stm32f3xx_hal_rcc.o
                                                  build/stm32f3xx_hal_rcc_ex.o
                                                  build/stm32f3xx_hal_uart.o
HAL_RCC_GetSysClockFreq                           build/stm32f3xx_hal_rcc.o
                                                  build/stm32f3xx_hal_rcc_ex.o
                                                  build/stm32f3xx_hal_uart.o
HAL_RCC_MCOConfig                                 build/stm32f3xx_hal_rcc.o
HAL_RCC_NMI_IRQHandler                            build/stm32f3xx_hal_rcc.o
HAL_RCC_OscConfig                                 build/stm32f3xx_hal_rcc.o
                                                  build/main.o
HAL_RS485Ex_Init                                  build/stm32f3xx_hal_uart_ex.o
HAL_ResumeTick                                    build/stm32f3xx_hal.o
HAL_SYSTICK_CLKSourceConfig                       build/stm32f3xx_hal_cortex.o
HAL_SYSTICK_Callback                              build/stm32f3xx_hal_cortex.o
HAL_SYSTICK_Config                                build/stm32f3xx_hal_cortex.o
                                                  build/stm32f3xx_hal.o
HAL_SYSTICK_IRQHandler                            build/stm32f3xx_hal_cortex.o
HAL_SetTickFreq                                   build/stm32f3xx_hal.o
HAL_SuspendTick                                   build/stm32f3xx_hal.o
HAL_UARTEx_DisableStopMode                        build/stm32f3xx_hal_uart_ex.o
HAL_UARTEx_EnableStopMode                         build/stm32f3xx_hal_uart_ex.o
HAL_UARTEx_StopModeWakeUpSourceConfig             build/stm32f3xx_hal_uart_ex.o
HAL_UARTEx_WakeupCallback                         build/stm32f3xx_hal_uart_ex.o
                                                  build/stm32f3xx_hal_uart.o
HAL_UART_Abort                                    build/stm32f3xx_hal_uart.o
HAL_UART_AbortCpltCallback                        build/stm32f3xx_hal_uart.o
HAL_UART_AbortReceive                             build/stm32f3xx_hal_uart.o
HAL_UART_AbortReceiveCpltCallback                 build/stm32f3xx_hal_uart.o
HAL_UART_AbortReceive_IT                          build/stm32f3xx_hal_uart.o
HAL_UART_AbortTransmit                            build/stm32f3xx_hal_uart.o
HAL_UART_AbortTransmitCpltCallback                build/stm32f3xx_hal_uart.o
HAL_UART_AbortTransmit_IT                         build/stm32f3xx_hal_uart.o
HAL_UART_Abort_IT                                 build/stm32f3xx_hal_uart.o
HAL_UART_DMAPause                                 build/stm32f3xx_hal_uart.o
HAL_UART_DMAResume                                build/stm32f3xx_hal_uart.o
HAL_UART_DMAStop                                  build/stm32f3xx_hal_uart.o
HAL_UART_DeInit                                   build/stm32f3xx_hal_uart.o
HAL_UART_DisableReceiverTimeout                   build/stm32f3xx_hal_uart.o
HAL_UART_EnableReceiverTimeout                    build/stm32f3xx_hal_uart.o
HAL_UART_ErrorCallback                            build/stm32f3xx_hal_uart.o
HAL_UART_GetError                                 build/stm32f3xx_hal_uart.o
HAL_UART_GetState                                 build/stm32f3xx_hal_uart.o
HAL_UART_IRQHandler                               build/stm32f3xx_hal_uart.o
                                                  build/stm32f3xx_it.o
HAL_UART_Init                                     build/stm32f3xx_hal_uart.o
                                                  build/main.o
HAL_UART_MspDeInit                                build/stm32f3xx_hal_msp.o
HAL_UART_MspInit                                  build/stm32f3xx_hal_msp.o
                                                  build/stm32f3xx_hal_uart_ex.o
HAL_UART_Receive                                  build/stm32f3xx_hal_uart.o
HAL_UART_Receive_DMA                              build/stm32f3xx_hal_uart.o
HAL_UART_Receive_IT                               build/stm32f3xx_hal_uart.o
                                                  build/uart.o
HAL_UART_ReceiverTimeout_Config                   build/stm32f3xx_hal_uart.o
HAL_UART_RxCpltCallback                           build/uart.o
HAL_UART_RxHalfCpltCallback                       build/stm32f3xx_hal_uart.o
HAL_UART_Transmit                                 build/stm32f3xx_hal_uart.o
HAL_UART_Transmit_DMA                             build/stm32f3xx_hal_uart.o
HAL_UART_Transmit_IT                              build/stm32f3xx_hal_uart.o
                                                  build/uart.o
HAL_UART_TxCpltCallback                           build/uart.o
HAL_UART_TxHalfCpltCallback                       build/stm32f3xx_hal_uart.o
HardFault_Handler                                 build/stm32f3xx_it.o
I2C1_ER_IRQHandler                                build/startup_stm32f303xe.o
I2C1_EV_IRQHandler                                build/startup_stm32f303xe.o
I2C2_ER_IRQHandler                                build/stm32f3xx_it.o
I2C2_EV_IRQHandler                                build/stm32f3xx_it.o
I2C3_ER_IRQHandler                                build/startup_stm32f303xe.o
I2C3_EV_IRQHandler                                build/startup_stm32f303xe.o
I2C_Ext_Mem_Read                                  build/i3_i2c_ext.o
I2C_Ext_Mem_Write                                 build/i3_i2c_ext.o
                                                  build/pca9685.o
I3_I2C_Ext_Busy                                   build/i3_i2c_ext.o
I3_I2C_Ext_Check                                  build/i3_i2c_ext.o
I3_I2C_Ext_Read                                   build/i3_i2c_ext.o
I3_I2C_Ext_Write                                  build/i3_i2c_ext.o
MemManage_Handler                                 build/stm32f3xx_it.o
NMI_Handler                                       build/stm32f3xx_it.o
PVD_IRQHandler                                    build/startup_stm32f303xe.o
PWM_off                                           build/pca9685.o
PendSV_Handler                                    build/stm32f3xx_it.o
RCC_IRQHandler                                    build/startup_stm32f303xe.o
RTC_Alarm_IRQHandler                              build/startup_stm32f303xe.o
RTC_WKUP_IRQHandler                               build/startup_stm32f303xe.o
Reset_Handler                                     build/startup_stm32f303xe.o
SPI1_IRQHandler                                   build/startup_stm32f303xe.o
SPI2_IRQHandler                                   build/startup_stm32f303xe.o
SPI3_IRQHandler                                   build/startup_stm32f303xe.o
SPI4_IRQHandler                                   build/startup_stm32f303xe.o
SVC_Handler                                       build/stm32f3xx_it.o
SysTick_Handler                                   build/stm32f3xx_it.o
SystemClock_Config                                build/main.o
SystemCoreClock                                   build/system_stm32f3xx.o
                                                  build/stm32f3xx_hal_rcc_ex.o
                                                  build/stm32f3xx_hal_rcc.o
                                                  build/stm32f3xx_hal.o
SystemCoreClockUpdate                             build/system_stm32f3xx.o
SystemInit                                        build/system_stm32f3xx.o
                                                  build/startup_stm32f303xe.o
TAMP_STAMP_IRQHandler                             build/startup_stm32f303xe.o
TIM1_BRK_TIM15_IRQHandler                         build/startup_stm32f303xe.o
TIM1_CC_IRQHandler                                build/startup_stm32f303xe.o
TIM1_TRG_COM_TIM17_IRQHandler                     build/startup_stm32f303xe.o
TIM1_UP_TIM16_IRQHandler                          build/startup_stm32f303xe.o
TIM20_BRK_IRQHandler                              build/startup_stm32f303xe.o
TIM20_CC_IRQHandler                               build/startup_stm32f303xe.o
TIM20_TRG_COM_IRQHandler                          build/startup_stm32f303xe.o
TIM20_UP_IRQHandler                               build/startup_stm32f303xe.o
TIM2_IRQHandler                                   build/startup_stm32f303xe.o
TIM3_IRQHandler                                   build/startup_stm32f303xe.o
TIM4_IRQHandler                                   build/startup_stm32f303xe.o
TIM6_DAC_IRQHandler                               build/startup_stm32f303xe.o
TIM7_IRQHandler                                   build/startup_stm32f303xe.o
TIM8_BRK_IRQHandler                               build/startup_stm32f303xe.o
TIM8_CC_IRQHandler                                build/startup_stm32f303xe.o
TIM8_TRG_COM_IRQHandler                           build/startup_stm32f303xe.o
TIM8_UP_IRQHandler                                build/startup_stm32f303xe.o
UART4_IRQHandler                                  build/startup_stm32f303xe.o
UART5_IRQHandler                                  build/startup_stm32f303xe.o
UART_AdvFeatureConfig                             build/stm32f3xx_hal_uart.o
                                                  build/stm32f3xx_hal_uart_ex.o
UART_CheckIdleState                               build/stm32f3xx_hal_uart.o
                                                  build/stm32f3xx_hal_uart_ex.o
UART_RxEndCallback                                build/uart.o
UART_SetConfig                                    build/stm32f3xx_hal_uart.o
                                                  build/stm32f3xx_hal_uart_ex.o
UART_TxEndCallback                                build/uart.o
UART_WaitOnFlagUntilTimeout                       build/stm32f3xx_hal_uart.o
                                                  build/stm32f3xx_hal_uart_ex.o
UART_print                                        build/uart.o
UART_println                                      build/uart.o
                                                  build/main.o
UART_start_receiving                              build/uart.o
                                                  build/main.o
USART1_IRQHandler                                 build/startup_stm32f303xe.o
USART2_IRQHandler                                 build/stm32f3xx_it.o
USART3_IRQHandler                                 build/startup_stm32f303xe.o
USBWakeUp_IRQHandler                              build/startup_stm32f303xe.o
USBWakeUp_RMP_IRQHandler                          build/startup_stm32f303xe.o
USB_HP_CAN_TX_IRQHandler                          build/startup_stm32f303xe.o
USB_HP_IRQHandler                                 build/startup_stm32f303xe.o
USB_LP_CAN_RX0_IRQHandler                         build/startup_stm32f303xe.o
USB_LP_IRQHandler                                 build/startup_stm32f303xe.o
UsageFault_Handler                                build/stm32f3xx_it.o
WWDG_IRQHandler                                   build/startup_stm32f303xe.o
__bss_end__                                       /home/nazar/.gcc-arm-none-eabi/bin/../lib/gcc/arm-none-eabi/9.2.1/../../../../arm-none-eabi/lib/thumb/v7e-m+fp/hard/crt0.o
__bss_start__                                     /home/nazar/.gcc-arm-none-eabi/bin/../lib/gcc/arm-none-eabi/9.2.1/../../../../arm-none-eabi/lib/thumb/v7e-m+fp/hard/crt0.o
__call_exitprocs                                  /home/nazar/.gcc-arm-none-eabi/bin/../lib/gcc/arm-none-eabi/9.2.1/../../../../arm-none-eabi/lib/thumb/v7e-m+fp/hard/libc_nano.a(lib_a-exit.o)
__deregister_frame_info                           /home/nazar/.gcc-arm-none-eabi/bin/../lib/gcc/arm-none-eabi/9.2.1/thumb/v7e-m+fp/hard/crtbegin.o
__dso_handle                                      /home/nazar/.gcc-arm-none-eabi/bin/../lib/gcc/arm-none-eabi/9.2.1/thumb/v7e-m+fp/hard/crtbegin.o
__init_array_end                                  /home/nazar/.gcc-arm-none-eabi/bin/../lib/gcc/arm-none-eabi/9.2.1/../../../../arm-none-eabi/lib/thumb/v7e-m+fp/hard/libc_nano.a(lib_a-init.o)
__init_array_start                                /home/nazar/.gcc-arm-none-eabi/bin/../lib/gcc/arm-none-eabi/9.2.1/../../../../arm-none-eabi/lib/thumb/v7e-m+fp/hard/libc_nano.a(lib_a-init.o)
__libc_fini_array                                 /home/nazar/.gcc-arm-none-eabi/bin/../lib/gcc/arm-none-eabi/9.2.1/../../../../arm-none-eabi/lib/thumb/v7e-m+fp/hard/crt0.o
__libc_init_array                                 /home/nazar/.gcc-arm-none-eabi/bin/../lib/gcc/arm-none-eabi/9.2.1/../../../../arm-none-eabi/lib/thumb/v7e-m+fp/hard/libc_nano.a(lib_a-init.o)
                                                  build/startup_stm32f303xe.o
                                                  /home/nazar/.gcc-arm-none-eabi/bin/../lib/gcc/arm-none-eabi/9.2.1/../../../../arm-none-eabi/lib/thumb/v7e-m+fp/hard/crt0.o
__preinit_array_end                               /home/nazar/.gcc-arm-none-eabi/bin/../lib/gcc/arm-none-eabi/9.2.1/../../../../arm-none-eabi/lib/thumb/v7e-m+fp/hard/libc_nano.a(lib_a-init.o)
__preinit_array_start                             /home/nazar/.gcc-arm-none-eabi/bin/../lib/gcc/arm-none-eabi/9.2.1/../../../../arm-none-eabi/lib/thumb/v7e-m+fp/hard/libc_nano.a(lib_a-init.o)
__register_frame_info                             /home/nazar/.gcc-arm-none-eabi/bin/../lib/gcc/arm-none-eabi/9.2.1/thumb/v7e-m+fp/hard/crtbegin.o
__sf_fake_stderr                                  /home/nazar/.gcc-arm-none-eabi/bin/../lib/gcc/arm-none-eabi/9.2.1/../../../../arm-none-eabi/lib/thumb/v7e-m+fp/hard/libc_nano.a(lib_a-impure.o)
__sf_fake_stdin                                   /home/nazar/.gcc-arm-none-eabi/bin/../lib/gcc/arm-none-eabi/9.2.1/../../../../arm-none-eabi/lib/thumb/v7e-m+fp/hard/libc_nano.a(lib_a-impure.o)
__sf_fake_stdout                                  /home/nazar/.gcc-arm-none-eabi/bin/../lib/gcc/arm-none-eabi/9.2.1/../../../../arm-none-eabi/lib/thumb/v7e-m+fp/hard/libc_nano.a(lib_a-impure.o)
__stack                                           /home/nazar/.gcc-arm-none-eabi/bin/../lib/gcc/arm-none-eabi/9.2.1/../../../../arm-none-eabi/lib/thumb/v7e-m+fp/hard/crt0.o
_ebss                                             build/startup_stm32f303xe.o
_edata                                            build/startup_stm32f303xe.o
_estack                                           build/startup_stm32f303xe.o
_exit                                             /home/nazar/.gcc-arm-none-eabi/bin/../lib/gcc/arm-none-eabi/9.2.1/../../../../arm-none-eabi/lib/thumb/v7e-m+fp/hard/libnosys.a(_exit.o)
                                                  /home/nazar/.gcc-arm-none-eabi/bin/../lib/gcc/arm-none-eabi/9.2.1/../../../../arm-none-eabi/lib/thumb/v7e-m+fp/hard/libc_nano.a(lib_a-exit.o)
_fini                                             /home/nazar/.gcc-arm-none-eabi/bin/../lib/gcc/arm-none-eabi/9.2.1/thumb/v7e-m+fp/hard/crti.o
_global_impure_ptr                                /home/nazar/.gcc-arm-none-eabi/bin/../lib/gcc/arm-none-eabi/9.2.1/../../../../arm-none-eabi/lib/thumb/v7e-m+fp/hard/libc_nano.a(lib_a-impure.o)
                                                  /home/nazar/.gcc-arm-none-eabi/bin/../lib/gcc/arm-none-eabi/9.2.1/../../../../arm-none-eabi/lib/thumb/v7e-m+fp/hard/libc_nano.a(lib_a-exit.o)
_impure_ptr                                       /home/nazar/.gcc-arm-none-eabi/bin/../lib/gcc/arm-none-eabi/9.2.1/../../../../arm-none-eabi/lib/thumb/v7e-m+fp/hard/libc_nano.a(lib_a-impure.o)
_init                                             /home/nazar/.gcc-arm-none-eabi/bin/../lib/gcc/arm-none-eabi/9.2.1/thumb/v7e-m+fp/hard/crti.o
                                                  /home/nazar/.gcc-arm-none-eabi/bin/../lib/gcc/arm-none-eabi/9.2.1/../../../../arm-none-eabi/lib/thumb/v7e-m+fp/hard/libc_nano.a(lib_a-init.o)
_mainCRTStartup                                   /home/nazar/.gcc-arm-none-eabi/bin/../lib/gcc/arm-none-eabi/9.2.1/../../../../arm-none-eabi/lib/thumb/v7e-m+fp/hard/crt0.o
_sbss                                             build/startup_stm32f303xe.o
_sdata                                            build/startup_stm32f303xe.o
_sidata                                           build/startup_stm32f303xe.o
_start                                            /home/nazar/.gcc-arm-none-eabi/bin/../lib/gcc/arm-none-eabi/9.2.1/../../../../arm-none-eabi/lib/thumb/v7e-m+fp/hard/crt0.o
aPLLMULFactorTable                                build/stm32f3xx_hal_rcc.o
aPredivFactorTable                                build/stm32f3xx_hal_rcc.o
atexit                                            /home/nazar/.gcc-arm-none-eabi/bin/../lib/gcc/arm-none-eabi/9.2.1/../../../../arm-none-eabi/lib/thumb/v7e-m+fp/hard/crt0.o
exit                                              /home/nazar/.gcc-arm-none-eabi/bin/../lib/gcc/arm-none-eabi/9.2.1/../../../../arm-none-eabi/lib/thumb/v7e-m+fp/hard/libc_nano.a(lib_a-exit.o)
                                                  /home/nazar/.gcc-arm-none-eabi/bin/../lib/gcc/arm-none-eabi/9.2.1/../../../../arm-none-eabi/lib/thumb/v7e-m+fp/hard/crt0.o
g_pfnVectors                                      build/startup_stm32f303xe.o
hardware_init_hook                                /home/nazar/.gcc-arm-none-eabi/bin/../lib/gcc/arm-none-eabi/9.2.1/../../../../arm-none-eabi/lib/thumb/v7e-m+fp/hard/crt0.o
hi2c2                                             build/main.o
                                                  build/stm32f3xx_it.o
                                                  build/i3_i2c_ext.o
huart2                                            build/main.o
                                                  build/stm32f3xx_it.o
                                                  build/uart.o
i                                                 build/my_main.o
main                                              build/main.o
                                                  build/startup_stm32f303xe.o
                                                  /home/nazar/.gcc-arm-none-eabi/bin/../lib/gcc/arm-none-eabi/9.2.1/../../../../arm-none-eabi/lib/thumb/v7e-m+fp/hard/crt0.o
memset                                            /home/nazar/.gcc-arm-none-eabi/bin/../lib/gcc/arm-none-eabi/9.2.1/../../../../arm-none-eabi/lib/thumb/v7e-m+fp/hard/libc_nano.a(lib_a-memset.o)
                                                  build/main.o
                                                  /home/nazar/.gcc-arm-none-eabi/bin/../lib/gcc/arm-none-eabi/9.2.1/../../../../arm-none-eabi/lib/thumb/v7e-m+fp/hard/crt0.o
my_main_loop                                      build/my_main.o
                                                  build/main.o
pFlash                                            build/stm32f3xx_hal_flash.o
                                                  build/stm32f3xx_hal_flash_ex.o
pcaByteWrite                                      build/pca9685.o
pca_init                                          build/pca9685.o
                                                  build/my_main.o
set_PWM                                           build/pca9685.o
                                                  build/my_main.o
software_init_hook                                /home/nazar/.gcc-arm-none-eabi/bin/../lib/gcc/arm-none-eabi/9.2.1/../../../../arm-none-eabi/lib/thumb/v7e-m+fp/hard/crt0.o
strcpy                                            /home/nazar/.gcc-arm-none-eabi/bin/../lib/gcc/arm-none-eabi/9.2.1/../../../../arm-none-eabi/lib/thumb/v7e-m+fp/hard/libc_nano.a(lib_a-strcpy.o)
                                                  build/uart.o
strlen                                            /home/nazar/.gcc-arm-none-eabi/bin/../lib/gcc/arm-none-eabi/9.2.1/../../../../arm-none-eabi/lib/thumb/v7e-m+fp/hard/libc_nano.a(lib_a-strlen.o)
                                                  build/uart.o
uwTick                                            build/stm32f3xx_hal.o
uwTickFreq                                        build/stm32f3xx_hal.o
uwTickPrio                                        build/stm32f3xx_hal.o
                                                  build/stm32f3xx_hal_rcc.o
